Connecting to receiver...
Connected to receiver.

Starting TCP transmission...

Sent: 4.0 KB | Send time: 0.000 sec
Sent: 8.0 KB | Send time: 0.000 sec
Sent: 12.0 KB | Send time: 0.000 sec
Sent: 16.0 KB | Send time: 0.000 sec
Sent: 20.0 KB | Send time: 0.000 sec
Sent: 24.0 KB | Send time: 0.000 sec
Sent: 28.0 KB | Send time: 0.000 sec
Sent: 32.0 KB | Send time: 0.000 sec
Sent: 36.0 KB | Send time: 0.000 sec
Sent: 40.0 KB | Send time: 0.000 sec
Sent: 44.0 KB | Send time: 0.000 sec
Sent: 48.0 KB | Send time: 0.000 sec
Sent: 52.0 KB | Send time: 0.000 sec
Sent: 56.0 KB | Send time: 0.000 sec
Sent: 60.0 KB | Send time: 0.000 sec
Sent: 64.0 KB | Send time: 0.000 sec
Sent: 68.0 KB | Send time: 0.000 sec
Sent: 72.0 KB | Send time: 0.000 sec
Sent: 76.0 KB | Send time: 0.000 sec
Sent: 80.0 KB | Send time: 0.000 sec
Sent: 84.0 KB | Send time: 0.000 sec
Sent: 88.0 KB | Send time: 0.000 sec
Sent: 92.0 KB | Send time: 0.000 sec
Sent: 96.0 KB | Send time: 0.000 sec
Sent: 100.0 KB | Send time: 0.000 sec
Sent: 104.0 KB | Send time: 0.000 sec
Sent: 108.0 KB | Send time: 0.000 sec
Sent: 112.0 KB | Send time: 0.000 sec
Sent: 116.0 KB | Send time: 0.000 sec
Sent: 120.0 KB | Send time: 0.000 sec
Sent: 124.0 KB | Send time: 0.000 sec
Sent: 128.0 KB | Send time: 0.000 sec
Sent: 132.0 KB | Send time: 0.000 sec
Sent: 136.0 KB | Send time: 0.000 sec
Sent: 140.0 KB | Send time: 0.000 sec
Sent: 144.0 KB | Send time: 0.000 sec
Sent: 148.0 KB | Send time: 0.000 sec
Sent: 152.0 KB | Send time: 0.000 sec
Sent: 156.0 KB | Send time: 0.000 sec
Sent: 160.0 KB | Send time: 0.000 sec
Sent: 164.0 KB | Send time: 0.000 sec
Sent: 168.0 KB | Send time: 0.000 sec
Sent: 172.0 KB | Send time: 0.000 sec
Sent: 176.0 KB | Send time: 0.000 sec
Sent: 180.0 KB | Send time: 0.000 sec
Sent: 184.0 KB | Send time: 0.000 sec
Sent: 188.0 KB | Send time: 0.000 sec
Sent: 192.0 KB | Send time: 0.000 sec
Sent: 196.0 KB | Send time: 0.000 sec
Sent: 200.0 KB | Send time: 0.000 sec
Sent: 204.0 KB | Send time: 0.000 sec
Sent: 208.0 KB | Send time: 0.000 sec
Sent: 212.0 KB | Send time: 0.000 sec
Sent: 216.0 KB | Send time: 0.000 sec
Sent: 220.0 KB | Send time: 0.000 sec
Sent: 224.0 KB | Send time: 0.000 sec
Sent: 228.0 KB | Send time: 0.000 sec
Sent: 232.0 KB | Send time: 0.000 sec
Sent: 236.0 KB | Send time: 0.000 sec
Sent: 240.0 KB | Send time: 0.000 sec
Sent: 244.0 KB | Send time: 0.000 sec
Sent: 248.0 KB | Send time: 0.000 sec
Sent: 252.0 KB | Send time: 0.000 sec
Sent: 256.0 KB | Send time: 0.000 sec
Sent: 260.0 KB | Send time: 0.000 sec
Sent: 264.0 KB | Send time: 0.000 sec
Sent: 268.0 KB | Send time: 0.000 sec
Sent: 272.0 KB | Send time: 0.000 sec
Sent: 276.0 KB | Send time: 0.000 sec
Sent: 280.0 KB | Send time: 0.000 sec
Sent: 284.0 KB | Send time: 0.000 sec
Sent: 288.0 KB | Send time: 0.000 sec
Sent: 292.0 KB | Send time: 0.000 sec
Sent: 296.0 KB | Send time: 0.000 sec
Sent: 300.0 KB | Send time: 0.000 sec
Sent: 304.0 KB | Send time: 0.000 sec
Sent: 308.0 KB | Send time: 0.000 sec
Sent: 312.0 KB | Send time: 0.000 sec
Sent: 316.0 KB | Send time: 0.000 sec
Sent: 320.0 KB | Send time: 0.000 sec
Sent: 324.0 KB | Send time: 0.000 sec
Sent: 328.0 KB | Send time: 0.000 sec
Sent: 332.0 KB | Send time: 0.000 sec
Sent: 336.0 KB | Send time: 0.000 sec
Sent: 340.0 KB | Send time: 0.000 sec
Sent: 344.0 KB | Send time: 0.000 sec
Sent: 348.0 KB | Send time: 0.000 sec
Sent: 352.0 KB | Send time: 0.000 sec
Sent: 356.0 KB | Send time: 0.000 sec
Sent: 360.0 KB | Send time: 0.000 sec
Sent: 364.0 KB | Send time: 0.000 sec
Sent: 368.0 KB | Send time: 0.000 sec
Sent: 372.0 KB | Send time: 0.000 sec
Sent: 376.0 KB | Send time: 0.000 sec
Sent: 380.0 KB | Send time: 0.000 sec
Sent: 384.0 KB | Send time: 0.000 sec
Sent: 388.0 KB | Send time: 0.000 sec
Sent: 392.0 KB | Send time: 0.000 sec
Sent: 396.0 KB | Send time: 0.000 sec
Sent: 400.0 KB | Send time: 0.000 sec
Sent: 404.0 KB | Send time: 0.000 sec
Sent: 408.0 KB | Send time: 0.000 sec
Sent: 412.0 KB | Send time: 0.000 sec
Sent: 416.0 KB | Send time: 0.000 sec
Sent: 420.0 KB | Send time: 0.000 sec
Sent: 424.0 KB | Send time: 0.000 sec
Sent: 428.0 KB | Send time: 0.000 sec
Sent: 432.0 KB | Send time: 0.000 sec
Sent: 436.0 KB | Send time: 0.000 sec
Sent: 440.0 KB | Send time: 0.000 sec
Sent: 444.0 KB | Send time: 0.000 sec
Sent: 448.0 KB | Send time: 0.000 sec
Sent: 452.0 KB | Send time: 0.000 sec
Sent: 456.0 KB | Send time: 0.000 sec
Sent: 460.0 KB | Send time: 0.000 sec
Sent: 464.0 KB | Send time: 0.000 sec
Sent: 468.0 KB | Send time: 0.000 sec
Sent: 472.0 KB | Send time: 0.000 sec
Sent: 476.0 KB | Send time: 0.000 sec
Sent: 480.0 KB | Send time: 0.000 sec
Sent: 484.0 KB | Send time: 0.000 sec
Sent: 488.0 KB | Send time: 0.000 sec
Sent: 492.0 KB | Send time: 0.000 sec
Sent: 496.0 KB | Send time: 0.000 sec
Sent: 500.0 KB | Send time: 0.000 sec
Sent: 504.0 KB | Send time: 0.000 sec
Sent: 508.0 KB | Send time: 0.000 sec
Sent: 512.0 KB | Send time: 0.000 sec
Sent: 516.0 KB | Send time: 0.000 sec
Sent: 520.0 KB | Send time: 0.000 sec
Sent: 524.0 KB | Send time: 0.000 sec
Sent: 528.0 KB | Send time: 0.000 sec
Sent: 532.0 KB | Send time: 0.000 sec
Sent: 536.0 KB | Send time: 0.000 sec
Sent: 540.0 KB | Send time: 0.000 sec
Sent: 544.0 KB | Send time: 0.000 sec
Sent: 548.0 KB | Send time: 0.000 sec
Sent: 552.0 KB | Send time: 0.000 sec
Sent: 556.0 KB | Send time: 0.000 sec
Sent: 560.0 KB | Send time: 0.000 sec
Sent: 564.0 KB | Send time: 0.000 sec
Sent: 568.0 KB | Send time: 0.000 sec
Sent: 572.0 KB | Send time: 0.000 sec
Sent: 576.0 KB | Send time: 0.000 sec
Sent: 580.0 KB | Send time: 0.000 sec
Sent: 584.0 KB | Send time: 0.000 sec
Sent: 588.0 KB | Send time: 0.000 sec
Sent: 592.0 KB | Send time: 0.000 sec
Sent: 596.0 KB | Send time: 0.000 sec
Sent: 600.0 KB | Send time: 0.000 sec
Sent: 604.0 KB | Send time: 0.000 sec
Sent: 608.0 KB | Send time: 0.000 sec
Sent: 612.0 KB | Send time: 0.000 sec
Sent: 616.0 KB | Send time: 0.000 sec
Sent: 620.0 KB | Send time: 0.000 sec
Sent: 624.0 KB | Send time: 0.000 sec
Sent: 628.0 KB | Send time: 0.000 sec
Sent: 632.0 KB | Send time: 0.000 sec
Sent: 636.0 KB | Send time: 0.000 sec
Sent: 640.0 KB | Send time: 0.000 sec
Sent: 644.0 KB | Send time: 0.000 sec
Sent: 648.0 KB | Send time: 0.000 sec
Sent: 652.0 KB | Send time: 0.000 sec
Sent: 656.0 KB | Send time: 0.000 sec
Sent: 660.0 KB | Send time: 0.000 sec
Sent: 664.0 KB | Send time: 0.000 sec
Sent: 668.0 KB | Send time: 0.000 sec
Sent: 672.0 KB | Send time: 0.000 sec
Sent: 676.0 KB | Send time: 0.000 sec
Sent: 680.0 KB | Send time: 0.000 sec
Sent: 684.0 KB | Send time: 0.000 sec
Sent: 688.0 KB | Send time: 0.000 sec
Sent: 692.0 KB | Send time: 0.000 sec
Sent: 696.0 KB | Send time: 0.000 sec
Sent: 700.0 KB | Send time: 0.000 sec
Sent: 704.0 KB | Send time: 0.000 sec
Sent: 708.0 KB | Send time: 0.000 sec
Sent: 712.0 KB | Send time: 0.000 sec
Sent: 716.0 KB | Send time: 0.000 sec
Sent: 720.0 KB | Send time: 0.000 sec
Sent: 724.0 KB | Send time: 0.000 sec
Sent: 728.0 KB | Send time: 0.000 sec
Sent: 732.0 KB | Send time: 0.000 sec
Sent: 736.0 KB | Send time: 0.000 sec
Sent: 740.0 KB | Send time: 0.000 sec
Sent: 744.0 KB | Send time: 0.000 sec
Sent: 748.0 KB | Send time: 0.000 sec
Sent: 752.0 KB | Send time: 0.000 sec
Sent: 756.0 KB | Send time: 0.000 sec
Sent: 760.0 KB | Send time: 0.000 sec
Sent: 764.0 KB | Send time: 0.000 sec
Sent: 768.0 KB | Send time: 0.000 sec
Sent: 772.0 KB | Send time: 0.000 sec
Sent: 776.0 KB | Send time: 0.000 sec
Sent: 780.0 KB | Send time: 0.000 sec
Sent: 784.0 KB | Send time: 0.000 sec
Sent: 788.0 KB | Send time: 0.000 sec
Sent: 792.0 KB | Send time: 0.000 sec
Sent: 796.0 KB | Send time: 0.000 sec
Sent: 800.0 KB | Send time: 0.000 sec
Sent: 804.0 KB | Send time: 0.000 sec
Sent: 808.0 KB | Send time: 0.000 sec
Sent: 812.0 KB | Send time: 0.000 sec
Sent: 816.0 KB | Send time: 0.000 sec
Sent: 820.0 KB | Send time: 0.000 sec
Sent: 824.0 KB | Send time: 0.000 sec
Sent: 828.0 KB | Send time: 0.000 sec
Sent: 832.0 KB | Send time: 0.000 sec
Sent: 836.0 KB | Send time: 0.000 sec
Sent: 840.0 KB | Send time: 0.000 sec
Sent: 844.0 KB | Send time: 0.000 sec
Sent: 848.0 KB | Send time: 0.000 sec
Sent: 852.0 KB | Send time: 0.000 sec
Sent: 856.0 KB | Send time: 0.000 sec
Sent: 860.0 KB | Send time: 0.000 sec
Sent: 864.0 KB | Send time: 0.000 sec
Sent: 868.0 KB | Send time: 0.000 sec
Sent: 872.0 KB | Send time: 0.000 sec
Sent: 876.0 KB | Send time: 0.000 sec
Sent: 880.0 KB | Send time: 0.000 sec
Sent: 884.0 KB | Send time: 0.000 sec
Sent: 888.0 KB | Send time: 0.000 sec
Sent: 892.0 KB | Send time: 0.000 sec
Sent: 896.0 KB | Send time: 0.000 sec
Sent: 900.0 KB | Send time: 0.000 sec
Sent: 904.0 KB | Send time: 0.000 sec
Sent: 908.0 KB | Send time: 0.000 sec
Sent: 912.0 KB | Send time: 0.000 sec
Sent: 916.0 KB | Send time: 0.000 sec
Sent: 920.0 KB | Send time: 0.000 sec
Sent: 924.0 KB | Send time: 0.000 sec
Sent: 928.0 KB | Send time: 0.000 sec
Sent: 932.0 KB | Send time: 0.000 sec
Sent: 936.0 KB | Send time: 0.000 sec
Sent: 940.0 KB | Send time: 0.000 sec
Sent: 944.0 KB | Send time: 0.000 sec
Sent: 948.0 KB | Send time: 0.000 sec
Sent: 952.0 KB | Send time: 0.000 sec
Sent: 956.0 KB | Send time: 0.000 sec
Sent: 960.0 KB | Send time: 0.000 sec
Sent: 964.0 KB | Send time: 0.000 sec
Sent: 968.0 KB | Send time: 0.000 sec
Sent: 972.0 KB | Send time: 0.000 sec
Sent: 976.0 KB | Send time: 0.000 sec
Sent: 980.0 KB | Send time: 0.000 sec
Sent: 984.0 KB | Send time: 0.000 sec
Sent: 988.0 KB | Send time: 0.000 sec
Sent: 992.0 KB | Send time: 0.000 sec
Sent: 996.0 KB | Send time: 0.000 sec
Sent: 1000.0 KB | Send time: 0.000 sec
Sent: 1004.0 KB | Send time: 0.000 sec
Sent: 1008.0 KB | Send time: 0.000 sec
Sent: 1012.0 KB | Send time: 0.000 sec
Sent: 1016.0 KB | Send time: 0.000 sec
Sent: 1020.0 KB | Send time: 0.000 sec
Sent: 1024.0 KB | Send time: 0.000 sec
Sent: 1028.0 KB | Send time: 0.000 sec
Sent: 1032.0 KB | Send time: 0.000 sec
Sent: 1036.0 KB | Send time: 0.000 sec
Sent: 1040.0 KB | Send time: 0.000 sec
Sent: 1044.0 KB | Send time: 0.000 sec
Sent: 1048.0 KB | Send time: 0.000 sec
Sent: 1052.0 KB | Send time: 0.000 sec
Sent: 1056.0 KB | Send time: 0.000 sec
Sent: 1060.0 KB | Send time: 0.000 sec
Sent: 1064.0 KB | Send time: 0.000 sec
Sent: 1068.0 KB | Send time: 0.000 sec
Sent: 1072.0 KB | Send time: 0.000 sec
Sent: 1076.0 KB | Send time: 0.000 sec
Sent: 1080.0 KB | Send time: 0.000 sec
Sent: 1084.0 KB | Send time: 0.000 sec
Sent: 1088.0 KB | Send time: 0.000 sec
Sent: 1092.0 KB | Send time: 0.000 sec
Sent: 1096.0 KB | Send time: 0.000 sec
Sent: 1100.0 KB | Send time: 0.000 sec
Sent: 1104.0 KB | Send time: 0.000 sec
Sent: 1108.0 KB | Send time: 0.000 sec
Sent: 1112.0 KB | Send time: 0.000 sec
Sent: 1116.0 KB | Send time: 0.000 sec
Sent: 1120.0 KB | Send time: 0.000 sec
Sent: 1124.0 KB | Send time: 0.000 sec
Sent: 1128.0 KB | Send time: 0.000 sec
Sent: 1132.0 KB | Send time: 0.000 sec
Sent: 1136.0 KB | Send time: 0.000 sec
Sent: 1140.0 KB | Send time: 0.000 sec
Sent: 1144.0 KB | Send time: 0.000 sec
Sent: 1148.0 KB | Send time: 0.000 sec
Sent: 1152.0 KB | Send time: 0.000 sec
Sent: 1156.0 KB | Send time: 0.000 sec
Sent: 1160.0 KB | Send time: 0.000 sec
Sent: 1164.0 KB | Send time: 0.000 sec
Sent: 1168.0 KB | Send time: 0.000 sec
Sent: 1172.0 KB | Send time: 0.000 sec
Sent: 1176.0 KB | Send time: 0.000 sec
Sent: 1180.0 KB | Send time: 0.000 sec
Sent: 1184.0 KB | Send time: 0.000 sec
Sent: 1188.0 KB | Send time: 0.000 sec
Sent: 1192.0 KB | Send time: 0.000 sec
Sent: 1196.0 KB | Send time: 0.000 sec
Sent: 1200.0 KB | Send time: 0.000 sec
Sent: 1204.0 KB | Send time: 0.000 sec
Sent: 1208.0 KB | Send time: 0.000 sec
Sent: 1212.0 KB | Send time: 0.000 sec
Sent: 1216.0 KB | Send time: 0.000 sec
Sent: 1220.0 KB | Send time: 0.000 sec
Sent: 1224.0 KB | Send time: 0.000 sec
Sent: 1228.0 KB | Send time: 0.000 sec
Sent: 1232.0 KB | Send time: 0.000 sec
Sent: 1236.0 KB | Send time: 0.000 sec
Sent: 1240.0 KB | Send time: 0.000 sec
Sent: 1244.0 KB | Send time: 0.000 sec
Sent: 1248.0 KB | Send time: 0.000 sec
Sent: 1252.0 KB | Send time: 0.000 sec
Sent: 1256.0 KB | Send time: 0.000 sec
Sent: 1260.0 KB | Send time: 0.000 sec
Sent: 1264.0 KB | Send time: 0.000 sec
Sent: 1268.0 KB | Send time: 0.000 sec
Sent: 1272.0 KB | Send time: 0.000 sec
Sent: 1276.0 KB | Send time: 0.000 sec
Sent: 1280.0 KB | Send time: 0.000 sec
Sent: 1284.0 KB | Send time: 0.000 sec
Sent: 1288.0 KB | Send time: 0.000 sec
Sent: 1292.0 KB | Send time: 0.000 sec
Sent: 1296.0 KB | Send time: 0.000 sec
Sent: 1300.0 KB | Send time: 0.000 sec
Sent: 1304.0 KB | Send time: 0.000 sec
Sent: 1308.0 KB | Send time: 0.000 sec
Sent: 1312.0 KB | Send time: 0.000 sec
Sent: 1316.0 KB | Send time: 0.000 sec
Sent: 1320.0 KB | Send time: 0.000 sec
Sent: 1324.0 KB | Send time: 0.000 sec
Sent: 1328.0 KB | Send time: 0.000 sec
Sent: 1332.0 KB | Send time: 0.000 sec
Sent: 1336.0 KB | Send time: 0.000 sec
Sent: 1340.0 KB | Send time: 0.000 sec
Sent: 1344.0 KB | Send time: 0.000 sec
Sent: 1348.0 KB | Send time: 0.000 sec
Sent: 1352.0 KB | Send time: 0.000 sec
Sent: 1356.0 KB | Send time: 0.000 sec
Sent: 1360.0 KB | Send time: 0.000 sec
Sent: 1364.0 KB | Send time: 0.000 sec
Sent: 1368.0 KB | Send time: 0.000 sec
Sent: 1372.0 KB | Send time: 0.000 sec
Sent: 1376.0 KB | Send time: 0.000 sec
Sent: 1380.0 KB | Send time: 0.000 sec
Sent: 1384.0 KB | Send time: 0.000 sec
Sent: 1388.0 KB | Send time: 0.000 sec
Sent: 1392.0 KB | Send time: 0.000 sec
Sent: 1396.0 KB | Send time: 0.000 sec
Sent: 1400.0 KB | Send time: 0.000 sec
Sent: 1404.0 KB | Send time: 0.000 sec
Sent: 1408.0 KB | Send time: 0.000 sec
Sent: 1412.0 KB | Send time: 0.000 sec
Sent: 1416.0 KB | Send time: 0.000 sec
Sent: 1420.0 KB | Send time: 0.000 sec
Sent: 1424.0 KB | Send time: 0.000 sec
Sent: 1428.0 KB | Send time: 0.000 sec
Sent: 1432.0 KB | Send time: 0.000 sec
Sent: 1436.0 KB | Send time: 0.000 sec
Sent: 1440.0 KB | Send time: 0.000 sec
Sent: 1444.0 KB | Send time: 0.000 sec
Sent: 1448.0 KB | Send time: 0.000 sec
Sent: 1452.0 KB | Send time: 0.000 sec
Sent: 1456.0 KB | Send time: 0.000 sec
Sent: 1460.0 KB | Send time: 0.000 sec
Sent: 1464.0 KB | Send time: 0.000 sec
Sent: 1468.0 KB | Send time: 0.000 sec
Sent: 1472.0 KB | Send time: 0.000 sec
Sent: 1476.0 KB | Send time: 0.000 sec
Sent: 1480.0 KB | Send time: 0.000 sec
Sent: 1484.0 KB | Send time: 0.000 sec
Sent: 1488.0 KB | Send time: 0.000 sec
Sent: 1492.0 KB | Send time: 0.000 sec
Sent: 1496.0 KB | Send time: 0.000 sec
Sent: 1500.0 KB | Send time: 0.000 sec
Sent: 1504.0 KB | Send time: 0.000 sec
Sent: 1508.0 KB | Send time: 0.000 sec
Sent: 1512.0 KB | Send time: 0.000 sec
Sent: 1516.0 KB | Send time: 0.000 sec
Sent: 1520.0 KB | Send time: 0.000 sec
Sent: 1524.0 KB | Send time: 0.000 sec
Sent: 1528.0 KB | Send time: 0.000 sec
Sent: 1532.0 KB | Send time: 0.000 sec
Sent: 1536.0 KB | Send time: 0.000 sec
Sent: 1540.0 KB | Send time: 0.000 sec
Sent: 1544.0 KB | Send time: 0.000 sec
Sent: 1548.0 KB | Send time: 0.000 sec
Sent: 1552.0 KB | Send time: 0.000 sec
Sent: 1556.0 KB | Send time: 0.000 sec
Sent: 1560.0 KB | Send time: 0.000 sec
Sent: 1564.0 KB | Send time: 0.000 sec
Sent: 1568.0 KB | Send time: 0.000 sec
Sent: 1572.0 KB | Send time: 0.000 sec
Sent: 1576.0 KB | Send time: 0.000 sec
Sent: 1580.0 KB | Send time: 0.000 sec
Sent: 1584.0 KB | Send time: 0.000 sec
Sent: 1588.0 KB | Send time: 0.000 sec
Sent: 1592.0 KB | Send time: 0.000 sec
Sent: 1596.0 KB | Send time: 0.000 sec
Sent: 1600.0 KB | Send time: 0.000 sec
Sent: 1604.0 KB | Send time: 0.000 sec
Sent: 1608.0 KB | Send time: 0.000 sec
Sent: 1612.0 KB | Send time: 0.000 sec
Sent: 1616.0 KB | Send time: 0.000 sec
Sent: 1620.0 KB | Send time: 0.000 sec
Sent: 1624.0 KB | Send time: 0.000 sec
Sent: 1628.0 KB | Send time: 0.000 sec
Sent: 1632.0 KB | Send time: 0.000 sec
Sent: 1636.0 KB | Send time: 0.000 sec
Sent: 1640.0 KB | Send time: 0.000 sec
Sent: 1644.0 KB | Send time: 0.000 sec
Sent: 1648.0 KB | Send time: 0.000 sec
Sent: 1652.0 KB | Send time: 0.000 sec
Sent: 1656.0 KB | Send time: 0.000 sec
Sent: 1660.0 KB | Send time: 0.000 sec
Sent: 1664.0 KB | Send time: 0.000 sec
Sent: 1668.0 KB | Send time: 0.000 sec
Sent: 1672.0 KB | Send time: 0.000 sec
Sent: 1676.0 KB | Send time: 0.000 sec
Sent: 1680.0 KB | Send time: 0.000 sec
Sent: 1684.0 KB | Send time: 0.000 sec
Sent: 1688.0 KB | Send time: 0.000 sec
Sent: 1692.0 KB | Send time: 0.000 sec
Sent: 1696.0 KB | Send time: 0.000 sec
Sent: 1700.0 KB | Send time: 0.000 sec
Sent: 1704.0 KB | Send time: 0.000 sec
Sent: 1708.0 KB | Send time: 0.000 sec
Sent: 1712.0 KB | Send time: 0.000 sec
Sent: 1716.0 KB | Send time: 0.000 sec
Sent: 1720.0 KB | Send time: 0.000 sec
Sent: 1724.0 KB | Send time: 0.000 sec
Sent: 1728.0 KB | Send time: 0.000 sec
Sent: 1732.0 KB | Send time: 0.000 sec
Sent: 1736.0 KB | Send time: 0.000 sec
Sent: 1740.0 KB | Send time: 0.000 sec
Sent: 1744.0 KB | Send time: 0.000 sec
Sent: 1748.0 KB | Send time: 0.000 sec
Sent: 1752.0 KB | Send time: 0.000 sec
Sent: 1756.0 KB | Send time: 0.000 sec
Sent: 1760.0 KB | Send time: 0.000 sec
Sent: 1764.0 KB | Send time: 0.000 sec
Sent: 1768.0 KB | Send time: 0.000 sec
Sent: 1772.0 KB | Send time: 0.000 sec
Sent: 1776.0 KB | Send time: 0.000 sec
Sent: 1780.0 KB | Send time: 0.000 sec
Sent: 1784.0 KB | Send time: 0.000 sec
Sent: 1788.0 KB | Send time: 0.000 sec
Sent: 1792.0 KB | Send time: 0.000 sec
Sent: 1796.0 KB | Send time: 0.000 sec
Sent: 1800.0 KB | Send time: 0.000 sec
Sent: 1804.0 KB | Send time: 0.000 sec
Sent: 1808.0 KB | Send time: 0.000 sec
Sent: 1812.0 KB | Send time: 0.000 sec
Sent: 1816.0 KB | Send time: 0.000 sec
Sent: 1820.0 KB | Send time: 0.000 sec
Sent: 1824.0 KB | Send time: 0.000 sec
Sent: 1828.0 KB | Send time: 0.000 sec
Sent: 1832.0 KB | Send time: 0.000 sec
Sent: 1836.0 KB | Send time: 0.000 sec
Sent: 1840.0 KB | Send time: 0.000 sec
Sent: 1844.0 KB | Send time: 0.000 sec
Sent: 1848.0 KB | Send time: 0.000 sec
Sent: 1852.0 KB | Send time: 0.000 sec
Sent: 1856.0 KB | Send time: 0.000 sec
Sent: 1860.0 KB | Send time: 0.000 sec
Sent: 1864.0 KB | Send time: 0.000 sec
Sent: 1868.0 KB | Send time: 0.000 sec
Sent: 1872.0 KB | Send time: 0.000 sec
Sent: 1876.0 KB | Send time: 0.000 sec
Sent: 1880.0 KB | Send time: 0.000 sec
Sent: 1884.0 KB | Send time: 0.000 sec
Sent: 1888.0 KB | Send time: 0.000 sec
Sent: 1892.0 KB | Send time: 0.000 sec
Sent: 1896.0 KB | Send time: 0.000 sec
Sent: 1900.0 KB | Send time: 0.000 sec
Sent: 1904.0 KB | Send time: 0.000 sec
Sent: 1908.0 KB | Send time: 0.000 sec
Sent: 1912.0 KB | Send time: 0.000 sec
Sent: 1916.0 KB | Send time: 0.000 sec
Sent: 1920.0 KB | Send time: 0.000 sec
Sent: 1924.0 KB | Send time: 0.000 sec
Sent: 1928.0 KB | Send time: 0.000 sec
Sent: 1932.0 KB | Send time: 0.000 sec
Sent: 1936.0 KB | Send time: 0.000 sec
Sent: 1940.0 KB | Send time: 0.000 sec
Sent: 1944.0 KB | Send time: 0.000 sec
Sent: 1948.0 KB | Send time: 0.000 sec
Sent: 1952.0 KB | Send time: 0.000 sec
Sent: 1956.0 KB | Send time: 0.000 sec
Sent: 1960.0 KB | Send time: 0.000 sec
Sent: 1964.0 KB | Send time: 0.000 sec
Sent: 1968.0 KB | Send time: 0.000 sec
Sent: 1972.0 KB | Send time: 0.000 sec
>>> SEND BLOCKED: TCP flow control may be active
>>> SEND BLOCKED: TCP flow control may be active
>>> SEND BLOCKED: TCP flow control may be active
>>> SEND BLOCKED: TCP flow control may be active
Sent: 1976.0 KB | Send time: 1.762 sec
Sent: 1980.0 KB | Send time: 0.000 sec
Sent: 1984.0 KB | Send time: 0.000 sec
Sent: 1988.0 KB | Send time: 0.000 sec
Sent: 1992.0 KB | Send time: 0.000 sec
Sent: 1996.0 KB | Send time: 0.000 sec
Sent: 2000.0 KB | Send time: 0.000 sec
Sent: 2004.0 KB | Send time: 0.000 sec
Sent: 2008.0 KB | Send time: 0.000 sec
Sent: 2012.0 KB | Send time: 0.000 sec
Sent: 2016.0 KB | Send time: 0.000 sec
Sent: 2020.0 KB | Send time: 0.000 sec
Sent: 2024.0 KB | Send time: 0.000 sec
Sent: 2028.0 KB | Send time: 0.000 sec
Sent: 2032.0 KB | Send time: 0.000 sec
Sent: 2036.0 KB | Send time: 0.000 sec
Sent: 2040.0 KB | Send time: 0.000 sec
Sent: 2044.0 KB | Send time: 0.000 sec
Sent: 2048.0 KB | Send time: 0.000 sec
Sent: 2052.0 KB | Send time: 0.000 sec
Sent: 2056.0 KB | Send time: 0.000 sec
Sent: 2060.0 KB | Send time: 0.000 sec
Sent: 2064.0 KB | Send time: 0.000 sec
Sent: 2068.0 KB | Send time: 0.000 sec
Sent: 2072.0 KB | Send time: 0.000 sec
Sent: 2076.0 KB | Send time: 0.000 sec
Sent: 2080.0 KB | Send time: 0.000 sec
Sent: 2084.0 KB | Send time: 0.000 sec
Sent: 2088.0 KB | Send time: 0.000 sec
Sent: 2092.0 KB | Send time: 0.000 sec
Sent: 2096.0 KB | Send time: 0.000 sec
Sent: 2100.0 KB | Send time: 0.000 sec
Sent: 2104.0 KB | Send time: 0.000 sec
Sent: 2108.0 KB | Send time: 0.000 sec
Sent: 2112.0 KB | Send time: 0.000 sec
Sent: 2116.0 KB | Send time: 0.000 sec
Sent: 2120.0 KB | Send time: 0.000 sec
Sent: 2124.0 KB | Send time: 0.000 sec
Sent: 2128.0 KB | Send time: 0.000 sec
Sent: 2132.0 KB | Send time: 0.000 sec
Sent: 2136.0 KB | Send time: 0.001 sec
Sent: 2140.0 KB | Send time: 0.000 sec
Sent: 2144.0 KB | Send time: 0.000 sec
Sent: 2148.0 KB | Send time: 0.000 sec
Sent: 2152.0 KB | Send time: 0.000 sec
Sent: 2156.0 KB | Send time: 0.000 sec
Sent: 2160.0 KB | Send time: 0.000 sec
Sent: 2164.0 KB | Send time: 0.000 sec
Sent: 2168.0 KB | Send time: 0.000 sec
Sent: 2172.0 KB | Send time: 0.000 sec
Sent: 2176.0 KB | Send time: 0.000 sec
Sent: 2180.0 KB | Send time: 0.000 sec
Sent: 2184.0 KB | Send time: 0.000 sec
Sent: 2188.0 KB | Send time: 0.000 sec
Sent: 2192.0 KB | Send time: 0.000 sec
Sent: 2196.0 KB | Send time: 0.000 sec
Sent: 2200.0 KB | Send time: 0.000 sec
Sent: 2204.0 KB | Send time: 0.000 sec
Sent: 2208.0 KB | Send time: 0.000 sec
Sent: 2212.0 KB | Send time: 0.000 sec
Sent: 2216.0 KB | Send time: 0.000 sec
Sent: 2220.0 KB | Send time: 0.000 sec
Sent: 2224.0 KB | Send time: 0.000 sec
Sent: 2228.0 KB | Send time: 0.000 sec
Sent: 2232.0 KB | Send time: 0.000 sec
Sent: 2236.0 KB | Send time: 0.000 sec
Sent: 2240.0 KB | Send time: 0.000 sec
Sent: 2244.0 KB | Send time: 0.000 sec
Sent: 2248.0 KB | Send time: 0.000 sec
Sent: 2252.0 KB | Send time: 0.000 sec
Sent: 2256.0 KB | Send time: 0.000 sec
Sent: 2260.0 KB | Send time: 0.000 sec
Sent: 2264.0 KB | Send time: 0.000 sec
Sent: 2268.0 KB | Send time: 0.000 sec
Sent: 2272.0 KB | Send time: 0.000 sec
Sent: 2276.0 KB | Send time: 0.000 sec
Sent: 2280.0 KB | Send time: 0.000 sec
Sent: 2284.0 KB | Send time: 0.000 sec
Sent: 2288.0 KB | Send time: 0.000 sec
Sent: 2292.0 KB | Send time: 0.000 sec
Sent: 2296.0 KB | Send time: 0.000 sec
Sent: 2300.0 KB | Send time: 0.000 sec
Sent: 2304.0 KB | Send time: 0.000 sec
Sent: 2308.0 KB | Send time: 0.000 sec
Sent: 2312.0 KB | Send time: 0.000 sec
Sent: 2316.0 KB | Send time: 0.000 sec
Sent: 2320.0 KB | Send time: 0.000 sec
Sent: 2324.0 KB | Send time: 0.000 sec
Sent: 2328.0 KB | Send time: 0.000 sec
Sent: 2332.0 KB | Send time: 0.000 sec
Sent: 2336.0 KB | Send time: 0.000 sec
Sent: 2340.0 KB | Send time: 0.000 sec
Sent: 2344.0 KB | Send time: 0.000 sec
Sent: 2348.0 KB | Send time: 0.000 sec
Sent: 2352.0 KB | Send time: 0.000 sec
Sent: 2356.0 KB | Send time: 0.000 sec
Sent: 2360.0 KB | Send time: 0.000 sec
Sent: 2364.0 KB | Send time: 0.000 sec
Sent: 2368.0 KB | Send time: 0.000 sec
Sent: 2372.0 KB | Send time: 0.000 sec
Sent: 2376.0 KB | Send time: 0.000 sec
Sent: 2380.0 KB | Send time: 0.000 sec
Sent: 2384.0 KB | Send time: 0.000 sec
Sent: 2388.0 KB | Send time: 0.000 sec
Sent: 2392.0 KB | Send time: 0.000 sec
Sent: 2396.0 KB | Send time: 0.000 sec
Sent: 2400.0 KB | Send time: 0.000 sec
Sent: 2404.0 KB | Send time: 0.000 sec
Sent: 2408.0 KB | Send time: 0.000 sec
Sent: 2412.0 KB | Send time: 0.000 sec
Sent: 2416.0 KB | Send time: 0.000 sec
Sent: 2420.0 KB | Send time: 0.000 sec
Sent: 2424.0 KB | Send time: 0.000 sec
Sent: 2428.0 KB | Send time: 0.000 sec
Sent: 2432.0 KB | Send time: 0.000 sec
Sent: 2436.0 KB | Send time: 0.000 sec
Sent: 2440.0 KB | Send time: 0.000 sec
Sent: 2444.0 KB | Send time: 0.000 sec
Sent: 2448.0 KB | Send time: 0.000 sec
Sent: 2452.0 KB | Send time: 0.000 sec
Sent: 2456.0 KB | Send time: 0.000 sec
Sent: 2460.0 KB | Send time: 0.000 sec
Sent: 2464.0 KB | Send time: 0.000 sec
Sent: 2468.0 KB | Send time: 0.000 sec
Sent: 2472.0 KB | Send time: 0.000 sec
Sent: 2476.0 KB | Send time: 0.000 sec
Sent: 2480.0 KB | Send time: 0.000 sec
Sent: 2484.0 KB | Send time: 0.000 sec
Sent: 2488.0 KB | Send time: 0.000 sec
Sent: 2492.0 KB | Send time: 0.000 sec
Sent: 2496.0 KB | Send time: 0.000 sec
Sent: 2500.0 KB | Send time: 0.000 sec
Sent: 2504.0 KB | Send time: 0.000 sec
Sent: 2508.0 KB | Send time: 0.000 sec
Sent: 2512.0 KB | Send time: 0.000 sec
Sent: 2516.0 KB | Send time: 0.000 sec
Sent: 2520.0 KB | Send time: 0.000 sec
Sent: 2524.0 KB | Send time: 0.000 sec
Sent: 2528.0 KB | Send time: 0.000 sec
Sent: 2532.0 KB | Send time: 0.000 sec
Sent: 2536.0 KB | Send time: 0.000 sec
Sent: 2540.0 KB | Send time: 0.000 sec
Sent: 2544.0 KB | Send time: 0.000 sec
Sent: 2548.0 KB | Send time: 0.000 sec
Sent: 2552.0 KB | Send time: 0.000 sec
Sent: 2556.0 KB | Send time: 0.000 sec
Sent: 2560.0 KB | Send time: 0.000 sec
Sent: 2564.0 KB | Send time: 0.000 sec
Sent: 2568.0 KB | Send time: 0.000 sec
Sent: 2572.0 KB | Send time: 0.000 sec
Sent: 2576.0 KB | Send time: 0.000 sec
Sent: 2580.0 KB | Send time: 0.000 sec
Sent: 2584.0 KB | Send time: 0.000 sec
Sent: 2588.0 KB | Send time: 0.000 sec
Sent: 2592.0 KB | Send time: 0.000 sec
Sent: 2596.0 KB | Send time: 0.000 sec
Sent: 2600.0 KB | Send time: 0.000 sec
Sent: 2604.0 KB | Send time: 0.000 sec
Sent: 2608.0 KB | Send time: 0.000 sec
Sent: 2612.0 KB | Send time: 0.000 sec
Sent: 2616.0 KB | Send time: 0.000 sec
Sent: 2620.0 KB | Send time: 0.000 sec
Sent: 2624.0 KB | Send time: 0.000 sec
Sent: 2628.0 KB | Send time: 0.000 sec
Sent: 2632.0 KB | Send time: 0.000 sec
Sent: 2636.0 KB | Send time: 0.000 sec
Sent: 2640.0 KB | Send time: 0.000 sec
Sent: 2644.0 KB | Send time: 0.000 sec
Sent: 2648.0 KB | Send time: 0.000 sec
Sent: 2652.0 KB | Send time: 0.000 sec
Sent: 2656.0 KB | Send time: 0.000 sec
Sent: 2660.0 KB | Send time: 0.000 sec
Sent: 2664.0 KB | Send time: 0.000 sec
Sent: 2668.0 KB | Send time: 0.000 sec
Sent: 2672.0 KB | Send time: 0.000 sec
Sent: 2676.0 KB | Send time: 0.000 sec
Sent: 2680.0 KB | Send time: 0.000 sec
Sent: 2684.0 KB | Send time: 0.000 sec
Sent: 2688.0 KB | Send time: 0.000 sec
Sent: 2692.0 KB | Send time: 0.000 sec
Sent: 2696.0 KB | Send time: 0.000 sec
Sent: 2700.0 KB | Send time: 0.000 sec
Sent: 2704.0 KB | Send time: 0.000 sec
Sent: 2708.0 KB | Send time: 0.000 sec
Sent: 2712.0 KB | Send time: 0.000 sec
Sent: 2716.0 KB | Send time: 0.000 sec
Sent: 2720.0 KB | Send time: 0.000 sec
Sent: 2724.0 KB | Send time: 0.000 sec
Sent: 2728.0 KB | Send time: 0.000 sec
Sent: 2732.0 KB | Send time: 0.000 sec
Sent: 2736.0 KB | Send time: 0.000 sec
Sent: 2740.0 KB | Send time: 0.000 sec
Sent: 2744.0 KB | Send time: 0.000 sec
Sent: 2748.0 KB | Send time: 0.000 sec
Sent: 2752.0 KB | Send time: 0.000 sec
Sent: 2756.0 KB | Send time: 0.000 sec
Sent: 2760.0 KB | Send time: 0.000 sec
Sent: 2764.0 KB | Send time: 0.000 sec
Sent: 2768.0 KB | Send time: 0.000 sec
Sent: 2772.0 KB | Send time: 0.000 sec
Sent: 2776.0 KB | Send time: 0.000 sec
Sent: 2780.0 KB | Send time: 0.000 sec
Sent: 2784.0 KB | Send time: 0.000 sec
Sent: 2788.0 KB | Send time: 0.000 sec
Sent: 2792.0 KB | Send time: 0.000 sec
Sent: 2796.0 KB | Send time: 0.000 sec
Sent: 2800.0 KB | Send time: 0.000 sec
Sent: 2804.0 KB | Send time: 0.000 sec
Sent: 2808.0 KB | Send time: 0.000 sec
Sent: 2812.0 KB | Send time: 0.000 sec
Sent: 2816.0 KB | Send time: 0.000 sec
Sent: 2820.0 KB | Send time: 0.000 sec
Sent: 2824.0 KB | Send time: 0.000 sec
Sent: 2828.0 KB | Send time: 0.000 sec
Sent: 2832.0 KB | Send time: 0.000 sec
Sent: 2836.0 KB | Send time: 0.000 sec
Sent: 2840.0 KB | Send time: 0.000 sec
Sent: 2844.0 KB | Send time: 0.000 sec
Sent: 2848.0 KB | Send time: 0.000 sec
Sent: 2852.0 KB | Send time: 0.000 sec
Sent: 2856.0 KB | Send time: 0.000 sec
Sent: 2860.0 KB | Send time: 0.000 sec
Sent: 2864.0 KB | Send time: 0.000 sec
Sent: 2868.0 KB | Send time: 0.001 sec
Sent: 2872.0 KB | Send time: 0.000 sec
Sent: 2876.0 KB | Send time: 0.000 sec
Sent: 2880.0 KB | Send time: 0.001 sec
Sent: 2884.0 KB | Send time: 0.000 sec
Sent: 2888.0 KB | Send time: 0.000 sec
Sent: 2892.0 KB | Send time: 0.000 sec
Sent: 2896.0 KB | Send time: 0.000 sec
Sent: 2900.0 KB | Send time: 0.000 sec
Sent: 2904.0 KB | Send time: 0.000 sec
Sent: 2908.0 KB | Send time: 0.000 sec
Sent: 2912.0 KB | Send time: 0.000 sec
Sent: 2916.0 KB | Send time: 0.000 sec
Sent: 2920.0 KB | Send time: 0.000 sec
Sent: 2924.0 KB | Send time: 0.000 sec
Sent: 2928.0 KB | Send time: 0.000 sec
Sent: 2932.0 KB | Send time: 0.000 sec
Sent: 2936.0 KB | Send time: 0.000 sec
Sent: 2940.0 KB | Send time: 0.000 sec
Sent: 2944.0 KB | Send time: 0.000 sec
Sent: 2948.0 KB | Send time: 0.000 sec
Sent: 2952.0 KB | Send time: 0.000 sec
Sent: 2956.0 KB | Send time: 0.000 sec
Sent: 2960.0 KB | Send time: 0.000 sec
Sent: 2964.0 KB | Send time: 0.000 sec
Sent: 2968.0 KB | Send time: 0.000 sec
Sent: 2972.0 KB | Send time: 0.000 sec
Sent: 2976.0 KB | Send time: 0.000 sec
Sent: 2980.0 KB | Send time: 0.000 sec
Sent: 2984.0 KB | Send time: 0.000 sec
Sent: 2988.0 KB | Send time: 0.000 sec
Sent: 2992.0 KB | Send time: 0.000 sec
Sent: 2996.0 KB | Send time: 0.000 sec
Sent: 3000.0 KB | Send time: 0.000 sec
Sent: 3004.0 KB | Send time: 0.000 sec
Sent: 3008.0 KB | Send time: 0.000 sec
Sent: 3012.0 KB | Send time: 0.000 sec
Sent: 3016.0 KB | Send time: 0.000 sec
Sent: 3020.0 KB | Send time: 0.000 sec
Sent: 3024.0 KB | Send time: 0.000 sec
Sent: 3028.0 KB | Send time: 0.000 sec
Sent: 3032.0 KB | Send time: 0.000 sec
Sent: 3036.0 KB | Send time: 0.000 sec
Sent: 3040.0 KB | Send time: 0.000 sec
Sent: 3044.0 KB | Send time: 0.000 sec
Sent: 3048.0 KB | Send time: 0.000 sec
Sent: 3052.0 KB | Send time: 0.000 sec
Sent: 3056.0 KB | Send time: 0.000 sec
Sent: 3060.0 KB | Send time: 0.000 sec
Sent: 3064.0 KB | Send time: 0.000 sec
Sent: 3068.0 KB | Send time: 0.000 sec
Sent: 3072.0 KB | Send time: 0.000 sec
Sent: 3076.0 KB | Send time: 0.000 sec
Sent: 3080.0 KB | Send time: 0.000 sec
Sent: 3084.0 KB | Send time: 0.000 sec
Sent: 3088.0 KB | Send time: 0.000 sec
Sent: 3092.0 KB | Send time: 0.000 sec
Sent: 3096.0 KB | Send time: 0.000 sec
Sent: 3100.0 KB | Send time: 0.000 sec
Sent: 3104.0 KB | Send time: 0.000 sec
Sent: 3108.0 KB | Send time: 0.000 sec
Sent: 3112.0 KB | Send time: 0.000 sec
Sent: 3116.0 KB | Send time: 0.000 sec
Sent: 3120.0 KB | Send time: 0.000 sec
Sent: 3124.0 KB | Send time: 0.000 sec
Sent: 3128.0 KB | Send time: 0.000 sec
Sent: 3132.0 KB | Send time: 0.000 sec
Sent: 3136.0 KB | Send time: 0.000 sec
Sent: 3140.0 KB | Send time: 0.000 sec
Sent: 3144.0 KB | Send time: 0.001 sec
Sent: 3148.0 KB | Send time: 0.000 sec
Sent: 3152.0 KB | Send time: 0.000 sec
Sent: 3156.0 KB | Send time: 0.000 sec
Sent: 3160.0 KB | Send time: 0.000 sec
Sent: 3164.0 KB | Send time: 0.000 sec
Sent: 3168.0 KB | Send time: 0.000 sec
Sent: 3172.0 KB | Send time: 0.000 sec
Sent: 3176.0 KB | Send time: 0.000 sec
Sent: 3180.0 KB | Send time: 0.000 sec
Sent: 3184.0 KB | Send time: 0.000 sec
Sent: 3188.0 KB | Send time: 0.000 sec
Sent: 3192.0 KB | Send time: 0.000 sec
Sent: 3196.0 KB | Send time: 0.000 sec
Sent: 3200.0 KB | Send time: 0.000 sec
Sent: 3204.0 KB | Send time: 0.000 sec
Sent: 3208.0 KB | Send time: 0.000 sec
Sent: 3212.0 KB | Send time: 0.000 sec
Sent: 3216.0 KB | Send time: 0.000 sec
Sent: 3220.0 KB | Send time: 0.000 sec
Sent: 3224.0 KB | Send time: 0.000 sec
Sent: 3228.0 KB | Send time: 0.000 sec
Sent: 3232.0 KB | Send time: 0.000 sec
Sent: 3236.0 KB | Send time: 0.000 sec
Sent: 3240.0 KB | Send time: 0.000 sec
Sent: 3244.0 KB | Send time: 0.000 sec
Sent: 3248.0 KB | Send time: 0.000 sec
Sent: 3252.0 KB | Send time: 0.000 sec
Sent: 3256.0 KB | Send time: 0.000 sec
Sent: 3260.0 KB | Send time: 0.000 sec
Sent: 3264.0 KB | Send time: 0.000 sec
Sent: 3268.0 KB | Send time: 0.000 sec
Sent: 3272.0 KB | Send time: 0.000 sec
Sent: 3276.0 KB | Send time: 0.000 sec
Sent: 3280.0 KB | Send time: 0.000 sec
Sent: 3284.0 KB | Send time: 0.000 sec
Sent: 3288.0 KB | Send time: 0.000 sec
Sent: 3292.0 KB | Send time: 0.000 sec
Sent: 3296.0 KB | Send time: 0.000 sec
Sent: 3300.0 KB | Send time: 0.000 sec
Sent: 3304.0 KB | Send time: 0.000 sec
Sent: 3308.0 KB | Send time: 0.000 sec
Sent: 3312.0 KB | Send time: 0.000 sec
Sent: 3316.0 KB | Send time: 0.000 sec
Sent: 3320.0 KB | Send time: 0.001 sec
Sent: 3324.0 KB | Send time: 0.000 sec
Sent: 3328.0 KB | Send time: 0.000 sec
Sent: 3332.0 KB | Send time: 0.000 sec
Sent: 3336.0 KB | Send time: 0.000 sec
Sent: 3340.0 KB | Send time: 0.000 sec
Sent: 3344.0 KB | Send time: 0.000 sec
Sent: 3348.0 KB | Send time: 0.000 sec
Sent: 3352.0 KB | Send time: 0.000 sec
Sent: 3356.0 KB | Send time: 0.000 sec
Sent: 3360.0 KB | Send time: 0.000 sec
Sent: 3364.0 KB | Send time: 0.000 sec
Sent: 3368.0 KB | Send time: 0.000 sec
Sent: 3372.0 KB | Send time: 0.000 sec
Sent: 3376.0 KB | Send time: 0.000 sec
Sent: 3380.0 KB | Send time: 0.000 sec
Sent: 3384.0 KB | Send time: 0.000 sec
Sent: 3388.0 KB | Send time: 0.000 sec
Sent: 3392.0 KB | Send time: 0.000 sec
Sent: 3396.0 KB | Send time: 0.000 sec
Sent: 3400.0 KB | Send time: 0.000 sec
Sent: 3404.0 KB | Send time: 0.000 sec
Sent: 3408.0 KB | Send time: 0.001 sec
Sent: 3412.0 KB | Send time: 0.000 sec
Sent: 3416.0 KB | Send time: 0.000 sec
Sent: 3420.0 KB | Send time: 0.000 sec
Sent: 3424.0 KB | Send time: 0.000 sec
Sent: 3428.0 KB | Send time: 0.000 sec
Sent: 3432.0 KB | Send time: 0.000 sec
Sent: 3436.0 KB | Send time: 0.000 sec
Sent: 3440.0 KB | Send time: 0.000 sec
Sent: 3444.0 KB | Send time: 0.000 sec
Sent: 3448.0 KB | Send time: 0.000 sec
Sent: 3452.0 KB | Send time: 0.001 sec
Sent: 3456.0 KB | Send time: 0.000 sec
Sent: 3460.0 KB | Send time: 0.000 sec
Sent: 3464.0 KB | Send time: 0.000 sec
Sent: 3468.0 KB | Send time: 0.000 sec
Sent: 3472.0 KB | Send time: 0.000 sec
Sent: 3476.0 KB | Send time: 0.000 sec
Sent: 3480.0 KB | Send time: 0.000 sec
Sent: 3484.0 KB | Send time: 0.000 sec
Sent: 3488.0 KB | Send time: 0.000 sec
Sent: 3492.0 KB | Send time: 0.000 sec
Sent: 3496.0 KB | Send time: 0.000 sec
Sent: 3500.0 KB | Send time: 0.000 sec
Sent: 3504.0 KB | Send time: 0.000 sec
Sent: 3508.0 KB | Send time: 0.000 sec
Sent: 3512.0 KB | Send time: 0.000 sec
Sent: 3516.0 KB | Send time: 0.000 sec
Sent: 3520.0 KB | Send time: 0.000 sec
Sent: 3524.0 KB | Send time: 0.000 sec
Sent: 3528.0 KB | Send time: 0.000 sec
Sent: 3532.0 KB | Send time: 0.000 sec
Sent: 3536.0 KB | Send time: 0.000 sec
Sent: 3540.0 KB | Send time: 0.000 sec
Sent: 3544.0 KB | Send time: 0.000 sec
Sent: 3548.0 KB | Send time: 0.000 sec
Sent: 3552.0 KB | Send time: 0.000 sec
Sent: 3556.0 KB | Send time: 0.000 sec
Sent: 3560.0 KB | Send time: 0.000 sec
Sent: 3564.0 KB | Send time: 0.000 sec
Sent: 3568.0 KB | Send time: 0.000 sec
Sent: 3572.0 KB | Send time: 0.000 sec
Sent: 3576.0 KB | Send time: 0.000 sec
Sent: 3580.0 KB | Send time: 0.000 sec
Sent: 3584.0 KB | Send time: 0.001 sec
Sent: 3588.0 KB | Send time: 0.000 sec
Sent: 3592.0 KB | Send time: 0.000 sec
Sent: 3596.0 KB | Send time: 0.000 sec
Sent: 3600.0 KB | Send time: 0.000 sec
Sent: 3604.0 KB | Send time: 0.000 sec
Sent: 3608.0 KB | Send time: 0.000 sec
Sent: 3612.0 KB | Send time: 0.000 sec
Sent: 3616.0 KB | Send time: 0.000 sec
Sent: 3620.0 KB | Send time: 0.000 sec
Sent: 3624.0 KB | Send time: 0.000 sec
Sent: 3628.0 KB | Send time: 0.000 sec
Sent: 3632.0 KB | Send time: 0.000 sec
Sent: 3636.0 KB | Send time: 0.000 sec
Sent: 3640.0 KB | Send time: 0.000 sec
Sent: 3644.0 KB | Send time: 0.000 sec
Sent: 3648.0 KB | Send time: 0.000 sec
Sent: 3652.0 KB | Send time: 0.000 sec
Sent: 3656.0 KB | Send time: 0.000 sec
Sent: 3660.0 KB | Send time: 0.000 sec
Sent: 3664.0 KB | Send time: 0.000 sec
Sent: 3668.0 KB | Send time: 0.000 sec
Sent: 3672.0 KB | Send time: 0.000 sec
Sent: 3676.0 KB | Send time: 0.000 sec
Sent: 3680.0 KB | Send time: 0.000 sec
Sent: 3684.0 KB | Send time: 0.000 sec
Sent: 3688.0 KB | Send time: 0.000 sec
Sent: 3692.0 KB | Send time: 0.000 sec
Sent: 3696.0 KB | Send time: 0.000 sec
Sent: 3700.0 KB | Send time: 0.000 sec
Sent: 3704.0 KB | Send time: 0.000 sec
Sent: 3708.0 KB | Send time: 0.000 sec
Sent: 3712.0 KB | Send time: 0.000 sec
Sent: 3716.0 KB | Send time: 0.000 sec
Sent: 3720.0 KB | Send time: 0.000 sec
Sent: 3724.0 KB | Send time: 0.000 sec
Sent: 3728.0 KB | Send time: 0.001 sec
Sent: 3732.0 KB | Send time: 0.000 sec
Sent: 3736.0 KB | Send time: 0.000 sec
Sent: 3740.0 KB | Send time: 0.000 sec
Sent: 3744.0 KB | Send time: 0.000 sec
Sent: 3748.0 KB | Send time: 0.000 sec
Sent: 3752.0 KB | Send time: 0.000 sec
Sent: 3756.0 KB | Send time: 0.000 sec
Sent: 3760.0 KB | Send time: 0.000 sec
Sent: 3764.0 KB | Send time: 0.000 sec
Sent: 3768.0 KB | Send time: 0.000 sec
Sent: 3772.0 KB | Send time: 0.001 sec
Sent: 3776.0 KB | Send time: 0.000 sec
Sent: 3780.0 KB | Send time: 0.000 sec
Sent: 3784.0 KB | Send time: 0.000 sec
Sent: 3788.0 KB | Send time: 0.000 sec
Sent: 3792.0 KB | Send time: 0.000 sec
Sent: 3796.0 KB | Send time: 0.000 sec
Sent: 3800.0 KB | Send time: 0.000 sec
Sent: 3804.0 KB | Send time: 0.000 sec
Sent: 3808.0 KB | Send time: 0.000 sec
Sent: 3812.0 KB | Send time: 0.000 sec
Sent: 3816.0 KB | Send time: 0.000 sec
Sent: 3820.0 KB | Send time: 0.000 sec
Sent: 3824.0 KB | Send time: 0.000 sec
Sent: 3828.0 KB | Send time: 0.000 sec
Sent: 3832.0 KB | Send time: 0.000 sec
Sent: 3836.0 KB | Send time: 0.000 sec
Sent: 3840.0 KB | Send time: 0.000 sec
Sent: 3844.0 KB | Send time: 0.000 sec
Sent: 3848.0 KB | Send time: 0.000 sec
Sent: 3852.0 KB | Send time: 0.000 sec
Sent: 3856.0 KB | Send time: 0.000 sec
Sent: 3860.0 KB | Send time: 0.001 sec
Sent: 3864.0 KB | Send time: 0.000 sec
Sent: 3868.0 KB | Send time: 0.000 sec
Sent: 3872.0 KB | Send time: 0.000 sec
Sent: 3876.0 KB | Send time: 0.000 sec
Sent: 3880.0 KB | Send time: 0.000 sec
Sent: 3884.0 KB | Send time: 0.000 sec
Sent: 3888.0 KB | Send time: 0.000 sec
Sent: 3892.0 KB | Send time: 0.000 sec
Sent: 3896.0 KB | Send time: 0.000 sec
Sent: 3900.0 KB | Send time: 0.000 sec
Sent: 3904.0 KB | Send time: 0.000 sec
Sent: 3908.0 KB | Send time: 0.000 sec
Sent: 3912.0 KB | Send time: 0.000 sec
Sent: 3916.0 KB | Send time: 0.000 sec
Sent: 3920.0 KB | Send time: 0.000 sec
Sent: 3924.0 KB | Send time: 0.000 sec
Sent: 3928.0 KB | Send time: 0.000 sec
Sent: 3932.0 KB | Send time: 0.000 sec
Sent: 3936.0 KB | Send time: 0.000 sec
Sent: 3940.0 KB | Send time: 0.000 sec
Sent: 3944.0 KB | Send time: 0.000 sec
Sent: 3948.0 KB | Send time: 0.000 sec
Sent: 3952.0 KB | Send time: 0.000 sec
Sent: 3956.0 KB | Send time: 0.000 sec
Sent: 3960.0 KB | Send time: 0.000 sec
Sent: 3964.0 KB | Send time: 0.000 sec
Sent: 3968.0 KB | Send time: 0.000 sec
Sent: 3972.0 KB | Send time: 0.000 sec
Sent: 3976.0 KB | Send time: 0.000 sec
Sent: 3980.0 KB | Send time: 0.000 sec
Sent: 3984.0 KB | Send time: 0.000 sec
Sent: 3988.0 KB | Send time: 0.000 sec
Sent: 3992.0 KB | Send time: 0.000 sec
Sent: 3996.0 KB | Send time: 0.000 sec
Sent: 4000.0 KB | Send time: 0.000 sec
Sent: 4004.0 KB | Send time: 0.001 sec
Sent: 4008.0 KB | Send time: 0.000 sec
Sent: 4012.0 KB | Send time: 0.000 sec
Sent: 4016.0 KB | Send time: 0.000 sec
Sent: 4020.0 KB | Send time: 0.000 sec
Sent: 4024.0 KB | Send time: 0.000 sec
Sent: 4028.0 KB | Send time: 0.000 sec
Sent: 4032.0 KB | Send time: 0.000 sec
Sent: 4036.0 KB | Send time: 0.000 sec
Sent: 4040.0 KB | Send time: 0.000 sec
Sent: 4044.0 KB | Send time: 0.000 sec
Sent: 4048.0 KB | Send time: 0.000 sec
Sent: 4052.0 KB | Send time: 0.000 sec
Sent: 4056.0 KB | Send time: 0.000 sec
Sent: 4060.0 KB | Send time: 0.000 sec
Sent: 4064.0 KB | Send time: 0.000 sec
Sent: 4068.0 KB | Send time: 0.000 sec
Sent: 4072.0 KB | Send time: 0.000 sec
Sent: 4076.0 KB | Send time: 0.000 sec
Sent: 4080.0 KB | Send time: 0.000 sec
Sent: 4084.0 KB | Send time: 0.000 sec
Sent: 4088.0 KB | Send time: 0.000 sec
Sent: 4092.0 KB | Send time: 0.000 sec
Sent: 4096.0 KB | Send time: 0.000 sec
Sent: 4100.0 KB | Send time: 0.000 sec
Sent: 4104.0 KB | Send time: 0.000 sec
Sent: 4108.0 KB | Send time: 0.000 sec
Sent: 4112.0 KB | Send time: 0.000 sec
Sent: 4116.0 KB | Send time: 0.000 sec
Sent: 4120.0 KB | Send time: 0.000 sec
Sent: 4124.0 KB | Send time: 0.000 sec
Sent: 4128.0 KB | Send time: 0.000 sec
Sent: 4132.0 KB | Send time: 0.000 sec
Sent: 4136.0 KB | Send time: 0.000 sec
Sent: 4140.0 KB | Send time: 0.000 sec
Sent: 4144.0 KB | Send time: 0.000 sec
Sent: 4148.0 KB | Send time: 0.000 sec
Sent: 4152.0 KB | Send time: 0.000 sec
Sent: 4156.0 KB | Send time: 0.000 sec
Sent: 4160.0 KB | Send time: 0.000 sec
Sent: 4164.0 KB | Send time: 0.000 sec
Sent: 4168.0 KB | Send time: 0.000 sec
Sent: 4172.0 KB | Send time: 0.000 sec
Sent: 4176.0 KB | Send time: 0.000 sec
Sent: 4180.0 KB | Send time: 0.000 sec
Sent: 4184.0 KB | Send time: 0.000 sec
Sent: 4188.0 KB | Send time: 0.000 sec
Sent: 4192.0 KB | Send time: 0.000 sec
Sent: 4196.0 KB | Send time: 0.000 sec
Sent: 4200.0 KB | Send time: 0.000 sec
Sent: 4204.0 KB | Send time: 0.000 sec
Sent: 4208.0 KB | Send time: 0.000 sec
Sent: 4212.0 KB | Send time: 0.000 sec
Sent: 4216.0 KB | Send time: 0.000 sec
Sent: 4220.0 KB | Send time: 0.000 sec
Sent: 4224.0 KB | Send time: 0.000 sec
Sent: 4228.0 KB | Send time: 0.000 sec
Sent: 4232.0 KB | Send time: 0.000 sec
Sent: 4236.0 KB | Send time: 0.001 sec
Sent: 4240.0 KB | Send time: 0.000 sec
Sent: 4244.0 KB | Send time: 0.000 sec
Sent: 4248.0 KB | Send time: 0.000 sec
Sent: 4252.0 KB | Send time: 0.000 sec
Sent: 4256.0 KB | Send time: 0.000 sec
Sent: 4260.0 KB | Send time: 0.000 sec
Sent: 4264.0 KB | Send time: 0.000 sec
Sent: 4268.0 KB | Send time: 0.000 sec
Sent: 4272.0 KB | Send time: 0.000 sec
Sent: 4276.0 KB | Send time: 0.000 sec
Sent: 4280.0 KB | Send time: 0.001 sec
Sent: 4284.0 KB | Send time: 0.000 sec
Sent: 4288.0 KB | Send time: 0.000 sec
Sent: 4292.0 KB | Send time: 0.000 sec
Sent: 4296.0 KB | Send time: 0.000 sec
Sent: 4300.0 KB | Send time: 0.000 sec
Sent: 4304.0 KB | Send time: 0.000 sec
Sent: 4308.0 KB | Send time: 0.000 sec
Sent: 4312.0 KB | Send time: 0.000 sec
Sent: 4316.0 KB | Send time: 0.000 sec
Sent: 4320.0 KB | Send time: 0.000 sec
Sent: 4324.0 KB | Send time: 0.000 sec
Sent: 4328.0 KB | Send time: 0.000 sec
Sent: 4332.0 KB | Send time: 0.000 sec
Sent: 4336.0 KB | Send time: 0.000 sec
Sent: 4340.0 KB | Send time: 0.000 sec
Sent: 4344.0 KB | Send time: 0.000 sec
Sent: 4348.0 KB | Send time: 0.000 sec
Sent: 4352.0 KB | Send time: 0.000 sec
Sent: 4356.0 KB | Send time: 0.000 sec
Sent: 4360.0 KB | Send time: 0.000 sec
Sent: 4364.0 KB | Send time: 0.000 sec
Sent: 4368.0 KB | Send time: 0.000 sec
Sent: 4372.0 KB | Send time: 0.000 sec
Sent: 4376.0 KB | Send time: 0.000 sec
Sent: 4380.0 KB | Send time: 0.000 sec
Sent: 4384.0 KB | Send time: 0.000 sec
Sent: 4388.0 KB | Send time: 0.000 sec
Sent: 4392.0 KB | Send time: 0.000 sec
Sent: 4396.0 KB | Send time: 0.000 sec
Sent: 4400.0 KB | Send time: 0.000 sec
Sent: 4404.0 KB | Send time: 0.000 sec
Sent: 4408.0 KB | Send time: 0.000 sec
Sent: 4412.0 KB | Send time: 0.001 sec
Sent: 4416.0 KB | Send time: 0.000 sec
Sent: 4420.0 KB | Send time: 0.000 sec
Sent: 4424.0 KB | Send time: 0.000 sec
Sent: 4428.0 KB | Send time: 0.000 sec
Sent: 4432.0 KB | Send time: 0.000 sec
Sent: 4436.0 KB | Send time: 0.000 sec
Sent: 4440.0 KB | Send time: 0.000 sec
Sent: 4444.0 KB | Send time: 0.000 sec
Sent: 4448.0 KB | Send time: 0.000 sec
Sent: 4452.0 KB | Send time: 0.000 sec
Sent: 4456.0 KB | Send time: 0.000 sec
Sent: 4460.0 KB | Send time: 0.000 sec
Sent: 4464.0 KB | Send time: 0.000 sec
Sent: 4468.0 KB | Send time: 0.000 sec
Sent: 4472.0 KB | Send time: 0.000 sec
Sent: 4476.0 KB | Send time: 0.000 sec
Sent: 4480.0 KB | Send time: 0.000 sec
Sent: 4484.0 KB | Send time: 0.000 sec
Sent: 4488.0 KB | Send time: 0.000 sec
Sent: 4492.0 KB | Send time: 0.000 sec
Sent: 4496.0 KB | Send time: 0.000 sec
Sent: 4500.0 KB | Send time: 0.001 sec
Sent: 4504.0 KB | Send time: 0.000 sec
Sent: 4508.0 KB | Send time: 0.000 sec
Sent: 4512.0 KB | Send time: 0.000 sec
Sent: 4516.0 KB | Send time: 0.000 sec
Sent: 4520.0 KB | Send time: 0.000 sec
Sent: 4524.0 KB | Send time: 0.000 sec
Sent: 4528.0 KB | Send time: 0.000 sec
Sent: 4532.0 KB | Send time: 0.000 sec
Sent: 4536.0 KB | Send time: 0.000 sec
Sent: 4540.0 KB | Send time: 0.000 sec
Sent: 4544.0 KB | Send time: 0.000 sec
Sent: 4548.0 KB | Send time: 0.000 sec
Sent: 4552.0 KB | Send time: 0.000 sec
Sent: 4556.0 KB | Send time: 0.000 sec
Sent: 4560.0 KB | Send time: 0.000 sec
Sent: 4564.0 KB | Send time: 0.000 sec
Sent: 4568.0 KB | Send time: 0.000 sec
Sent: 4572.0 KB | Send time: 0.000 sec
Sent: 4576.0 KB | Send time: 0.001 sec
Sent: 4580.0 KB | Send time: 0.000 sec
Sent: 4584.0 KB | Send time: 0.000 sec
Sent: 4588.0 KB | Send time: 0.000 sec
Sent: 4592.0 KB | Send time: 0.000 sec
Sent: 4596.0 KB | Send time: 0.000 sec
Sent: 4600.0 KB | Send time: 0.000 sec
Sent: 4604.0 KB | Send time: 0.000 sec
Sent: 4608.0 KB | Send time: 0.000 sec
Sent: 4612.0 KB | Send time: 0.000 sec
Sent: 4616.0 KB | Send time: 0.000 sec
Sent: 4620.0 KB | Send time: 0.000 sec
Sent: 4624.0 KB | Send time: 0.000 sec
Sent: 4628.0 KB | Send time: 0.000 sec
Sent: 4632.0 KB | Send time: 0.000 sec
Sent: 4636.0 KB | Send time: 0.000 sec
Sent: 4640.0 KB | Send time: 0.000 sec
Sent: 4644.0 KB | Send time: 0.000 sec
Sent: 4648.0 KB | Send time: 0.000 sec
Sent: 4652.0 KB | Send time: 0.000 sec
Sent: 4656.0 KB | Send time: 0.000 sec
Sent: 4660.0 KB | Send time: 0.000 sec
Sent: 4664.0 KB | Send time: 0.001 sec
Sent: 4668.0 KB | Send time: 0.000 sec
Sent: 4672.0 KB | Send time: 0.000 sec
Sent: 4676.0 KB | Send time: 0.000 sec
Sent: 4680.0 KB | Send time: 0.000 sec
Sent: 4684.0 KB | Send time: 0.000 sec
Sent: 4688.0 KB | Send time: 0.000 sec
Sent: 4692.0 KB | Send time: 0.000 sec
Sent: 4696.0 KB | Send time: 0.000 sec
Sent: 4700.0 KB | Send time: 0.000 sec
Sent: 4704.0 KB | Send time: 0.000 sec
Sent: 4708.0 KB | Send time: 0.000 sec
Sent: 4712.0 KB | Send time: 0.000 sec
Sent: 4716.0 KB | Send time: 0.000 sec
Sent: 4720.0 KB | Send time: 0.000 sec
Sent: 4724.0 KB | Send time: 0.000 sec
Sent: 4728.0 KB | Send time: 0.000 sec
Sent: 4732.0 KB | Send time: 0.000 sec
Sent: 4736.0 KB | Send time: 0.000 sec
Sent: 4740.0 KB | Send time: 0.000 sec
Sent: 4744.0 KB | Send time: 0.000 sec
Sent: 4748.0 KB | Send time: 0.000 sec
Sent: 4752.0 KB | Send time: 0.000 sec
Sent: 4756.0 KB | Send time: 0.000 sec
Sent: 4760.0 KB | Send time: 0.000 sec
Sent: 4764.0 KB | Send time: 0.000 sec
Sent: 4768.0 KB | Send time: 0.000 sec
Sent: 4772.0 KB | Send time: 0.000 sec
Sent: 4776.0 KB | Send time: 0.000 sec
Sent: 4780.0 KB | Send time: 0.000 sec
Sent: 4784.0 KB | Send time: 0.000 sec
Sent: 4788.0 KB | Send time: 0.000 sec
Sent: 4792.0 KB | Send time: 0.000 sec
Sent: 4796.0 KB | Send time: 0.000 sec
Sent: 4800.0 KB | Send time: 0.000 sec
Sent: 4804.0 KB | Send time: 0.000 sec
Sent: 4808.0 KB | Send time: 0.000 sec
Sent: 4812.0 KB | Send time: 0.000 sec
Sent: 4816.0 KB | Send time: 0.000 sec
Sent: 4820.0 KB | Send time: 0.000 sec
Sent: 4824.0 KB | Send time: 0.000 sec
Sent: 4828.0 KB | Send time: 0.000 sec
Sent: 4832.0 KB | Send time: 0.000 sec
Sent: 4836.0 KB | Send time: 0.000 sec
Sent: 4840.0 KB | Send time: 0.000 sec
Sent: 4844.0 KB | Send time: 0.000 sec
Sent: 4848.0 KB | Send time: 0.000 sec
Sent: 4852.0 KB | Send time: 0.000 sec
Sent: 4856.0 KB | Send time: 0.000 sec
Sent: 4860.0 KB | Send time: 0.000 sec
Sent: 4864.0 KB | Send time: 0.000 sec
Sent: 4868.0 KB | Send time: 0.000 sec
Sent: 4872.0 KB | Send time: 0.000 sec
Sent: 4876.0 KB | Send time: 0.000 sec
Sent: 4880.0 KB | Send time: 0.000 sec
Sent: 4884.0 KB | Send time: 0.000 sec
Sent: 4888.0 KB | Send time: 0.000 sec
Sent: 4892.0 KB | Send time: 0.000 sec
Sent: 4896.0 KB | Send time: 0.000 sec
Sent: 4900.0 KB | Send time: 0.000 sec
Sent: 4904.0 KB | Send time: 0.000 sec
Sent: 4908.0 KB | Send time: 0.000 sec
Sent: 4912.0 KB | Send time: 0.000 sec
Sent: 4916.0 KB | Send time: 0.000 sec
Sent: 4920.0 KB | Send time: 0.000 sec
Sent: 4924.0 KB | Send time: 0.000 sec
Sent: 4928.0 KB | Send time: 0.000 sec
Sent: 4932.0 KB | Send time: 0.000 sec
Sent: 4936.0 KB | Send time: 0.000 sec
Sent: 4940.0 KB | Send time: 0.000 sec
Sent: 4944.0 KB | Send time: 0.000 sec
Sent: 4948.0 KB | Send time: 0.000 sec
Sent: 4952.0 KB | Send time: 0.000 sec
Sent: 4956.0 KB | Send time: 0.000 sec
Sent: 4960.0 KB | Send time: 0.000 sec
Sent: 4964.0 KB | Send time: 0.000 sec
Sent: 4968.0 KB | Send time: 0.000 sec
Sent: 4972.0 KB | Send time: 0.000 sec
Sent: 4976.0 KB | Send time: 0.000 sec
Sent: 4980.0 KB | Send time: 0.000 sec
Sent: 4984.0 KB | Send time: 0.000 sec
Sent: 4988.0 KB | Send time: 0.000 sec
Sent: 4992.0 KB | Send time: 0.000 sec
Sent: 4996.0 KB | Send time: 0.000 sec
Sent: 5000.0 KB | Send time: 0.000 sec
Sent: 5004.0 KB | Send time: 0.000 sec
Sent: 5008.0 KB | Send time: 0.000 sec
Sent: 5012.0 KB | Send time: 0.000 sec
Sent: 5016.0 KB | Send time: 0.000 sec
Sent: 5020.0 KB | Send time: 0.000 sec
Sent: 5024.0 KB | Send time: 0.000 sec
Sent: 5028.0 KB | Send time: 0.000 sec
Sent: 5032.0 KB | Send time: 0.000 sec
Sent: 5036.0 KB | Send time: 0.000 sec
Sent: 5040.0 KB | Send time: 0.000 sec
Sent: 5044.0 KB | Send time: 0.000 sec
Sent: 5048.0 KB | Send time: 0.000 sec
Sent: 5052.0 KB | Send time: 0.000 sec
Sent: 5056.0 KB | Send time: 0.000 sec
Sent: 5060.0 KB | Send time: 0.000 sec
Sent: 5064.0 KB | Send time: 0.000 sec
Sent: 5068.0 KB | Send time: 0.000 sec
Sent: 5072.0 KB | Send time: 0.000 sec
Sent: 5076.0 KB | Send time: 0.000 sec
Sent: 5080.0 KB | Send time: 0.000 sec
Sent: 5084.0 KB | Send time: 0.000 sec
Sent: 5088.0 KB | Send time: 0.000 sec
Sent: 5092.0 KB | Send time: 0.000 sec
Sent: 5096.0 KB | Send time: 0.000 sec
Sent: 5100.0 KB | Send time: 0.000 sec
Sent: 5104.0 KB | Send time: 0.000 sec
Sent: 5108.0 KB | Send time: 0.000 sec
Sent: 5112.0 KB | Send time: 0.000 sec
Sent: 5116.0 KB | Send time: 0.000 sec
Sent: 5120.0 KB | Send time: 0.000 sec
Sent: 5124.0 KB | Send time: 0.000 sec
Sent: 5128.0 KB | Send time: 0.000 sec
Sent: 5132.0 KB | Send time: 0.000 sec
Sent: 5136.0 KB | Send time: 0.000 sec
Sent: 5140.0 KB | Send time: 0.000 sec
Sent: 5144.0 KB | Send time: 0.000 sec
Sent: 5148.0 KB | Send time: 0.000 sec
Sent: 5152.0 KB | Send time: 0.000 sec
Sent: 5156.0 KB | Send time: 0.000 sec
Sent: 5160.0 KB | Send time: 0.000 sec
Sent: 5164.0 KB | Send time: 0.000 sec
Sent: 5168.0 KB | Send time: 0.000 sec
Sent: 5172.0 KB | Send time: 0.000 sec
Sent: 5176.0 KB | Send time: 0.000 sec
Sent: 5180.0 KB | Send time: 0.000 sec
Sent: 5184.0 KB | Send time: 0.000 sec
Sent: 5188.0 KB | Send time: 0.000 sec
Sent: 5192.0 KB | Send time: 0.000 sec
Sent: 5196.0 KB | Send time: 0.000 sec
Sent: 5200.0 KB | Send time: 0.000 sec
Sent: 5204.0 KB | Send time: 0.000 sec
Sent: 5208.0 KB | Send time: 0.000 sec
Sent: 5212.0 KB | Send time: 0.000 sec
Sent: 5216.0 KB | Send time: 0.000 sec
Sent: 5220.0 KB | Send time: 0.000 sec
Sent: 5224.0 KB | Send time: 0.000 sec
Sent: 5228.0 KB | Send time: 0.000 sec
Sent: 5232.0 KB | Send time: 0.001 sec
Sent: 5236.0 KB | Send time: 0.000 sec
Sent: 5240.0 KB | Send time: 0.000 sec
Sent: 5244.0 KB | Send time: 0.001 sec
Sent: 5248.0 KB | Send time: 0.000 sec
Sent: 5252.0 KB | Send time: 0.000 sec
Sent: 5256.0 KB | Send time: 0.000 sec
Sent: 5260.0 KB | Send time: 0.000 sec
Sent: 5264.0 KB | Send time: 0.000 sec
Sent: 5268.0 KB | Send time: 0.000 sec
Sent: 5272.0 KB | Send time: 0.000 sec
Sent: 5276.0 KB | Send time: 0.000 sec
Sent: 5280.0 KB | Send time: 0.000 sec
Sent: 5284.0 KB | Send time: 0.000 sec
Sent: 5288.0 KB | Send time: 0.000 sec
Sent: 5292.0 KB | Send time: 0.000 sec
Sent: 5296.0 KB | Send time: 0.000 sec
Sent: 5300.0 KB | Send time: 0.000 sec
Sent: 5304.0 KB | Send time: 0.000 sec
Sent: 5308.0 KB | Send time: 0.000 sec
Sent: 5312.0 KB | Send time: 0.000 sec
Sent: 5316.0 KB | Send time: 0.000 sec
Sent: 5320.0 KB | Send time: 0.000 sec
Sent: 5324.0 KB | Send time: 0.000 sec
Sent: 5328.0 KB | Send time: 0.000 sec
Sent: 5332.0 KB | Send time: 0.000 sec
Sent: 5336.0 KB | Send time: 0.000 sec
Sent: 5340.0 KB | Send time: 0.000 sec
Sent: 5344.0 KB | Send time: 0.000 sec
Sent: 5348.0 KB | Send time: 0.000 sec
Sent: 5352.0 KB | Send time: 0.000 sec
Sent: 5356.0 KB | Send time: 0.000 sec
Sent: 5360.0 KB | Send time: 0.000 sec
Sent: 5364.0 KB | Send time: 0.000 sec
Sent: 5368.0 KB | Send time: 0.000 sec
Sent: 5372.0 KB | Send time: 0.000 sec
Sent: 5376.0 KB | Send time: 0.000 sec
Sent: 5380.0 KB | Send time: 0.000 sec
Sent: 5384.0 KB | Send time: 0.000 sec
Sent: 5388.0 KB | Send time: 0.000 sec
Sent: 5392.0 KB | Send time: 0.000 sec
Sent: 5396.0 KB | Send time: 0.000 sec
Sent: 5400.0 KB | Send time: 0.000 sec
Sent: 5404.0 KB | Send time: 0.000 sec
Sent: 5408.0 KB | Send time: 0.000 sec
Sent: 5412.0 KB | Send time: 0.000 sec
Sent: 5416.0 KB | Send time: 0.000 sec
Sent: 5420.0 KB | Send time: 0.000 sec
Sent: 5424.0 KB | Send time: 0.000 sec
Sent: 5428.0 KB | Send time: 0.000 sec
Sent: 5432.0 KB | Send time: 0.000 sec
Sent: 5436.0 KB | Send time: 0.000 sec
Sent: 5440.0 KB | Send time: 0.000 sec
Sent: 5444.0 KB | Send time: 0.000 sec
Sent: 5448.0 KB | Send time: 0.000 sec
Sent: 5452.0 KB | Send time: 0.001 sec
Sent: 5456.0 KB | Send time: 0.000 sec
Sent: 5460.0 KB | Send time: 0.000 sec
Sent: 5464.0 KB | Send time: 0.000 sec
Sent: 5468.0 KB | Send time: 0.000 sec
Sent: 5472.0 KB | Send time: 0.000 sec
Sent: 5476.0 KB | Send time: 0.000 sec
Sent: 5480.0 KB | Send time: 0.000 sec
Sent: 5484.0 KB | Send time: 0.000 sec
Sent: 5488.0 KB | Send time: 0.000 sec
Sent: 5492.0 KB | Send time: 0.000 sec
Sent: 5496.0 KB | Send time: 0.000 sec
Sent: 5500.0 KB | Send time: 0.000 sec
Sent: 5504.0 KB | Send time: 0.000 sec
Sent: 5508.0 KB | Send time: 0.000 sec
Sent: 5512.0 KB | Send time: 0.000 sec
Sent: 5516.0 KB | Send time: 0.000 sec
Sent: 5520.0 KB | Send time: 0.000 sec
Sent: 5524.0 KB | Send time: 0.000 sec
Sent: 5528.0 KB | Send time: 0.000 sec
Sent: 5532.0 KB | Send time: 0.000 sec
Sent: 5536.0 KB | Send time: 0.000 sec
Sent: 5540.0 KB | Send time: 0.000 sec
Sent: 5544.0 KB | Send time: 0.000 sec
Sent: 5548.0 KB | Send time: 0.000 sec
Sent: 5552.0 KB | Send time: 0.000 sec
Sent: 5556.0 KB | Send time: 0.000 sec
Sent: 5560.0 KB | Send time: 0.000 sec
Sent: 5564.0 KB | Send time: 0.000 sec
Sent: 5568.0 KB | Send time: 0.000 sec
Sent: 5572.0 KB | Send time: 0.000 sec
Sent: 5576.0 KB | Send time: 0.000 sec
Sent: 5580.0 KB | Send time: 0.000 sec
Sent: 5584.0 KB | Send time: 0.000 sec
Sent: 5588.0 KB | Send time: 0.000 sec
Sent: 5592.0 KB | Send time: 0.000 sec
Sent: 5596.0 KB | Send time: 0.000 sec
Sent: 5600.0 KB | Send time: 0.000 sec
Sent: 5604.0 KB | Send time: 0.000 sec
Sent: 5608.0 KB | Send time: 0.000 sec
Sent: 5612.0 KB | Send time: 0.000 sec
Sent: 5616.0 KB | Send time: 0.000 sec
Sent: 5620.0 KB | Send time: 0.000 sec
Sent: 5624.0 KB | Send time: 0.000 sec
Sent: 5628.0 KB | Send time: 0.000 sec
Sent: 5632.0 KB | Send time: 0.000 sec
Sent: 5636.0 KB | Send time: 0.000 sec
Sent: 5640.0 KB | Send time: 0.000 sec
Sent: 5644.0 KB | Send time: 0.000 sec
Sent: 5648.0 KB | Send time: 0.000 sec
Sent: 5652.0 KB | Send time: 0.000 sec
Sent: 5656.0 KB | Send time: 0.000 sec
Sent: 5660.0 KB | Send time: 0.000 sec
Sent: 5664.0 KB | Send time: 0.000 sec
Sent: 5668.0 KB | Send time: 0.000 sec
Sent: 5672.0 KB | Send time: 0.000 sec
Sent: 5676.0 KB | Send time: 0.000 sec
Sent: 5680.0 KB | Send time: 0.000 sec
Sent: 5684.0 KB | Send time: 0.000 sec
Sent: 5688.0 KB | Send time: 0.000 sec
Sent: 5692.0 KB | Send time: 0.000 sec
Sent: 5696.0 KB | Send time: 0.000 sec
Sent: 5700.0 KB | Send time: 0.000 sec
Sent: 5704.0 KB | Send time: 0.000 sec
Sent: 5708.0 KB | Send time: 0.000 sec
Sent: 5712.0 KB | Send time: 0.000 sec
Sent: 5716.0 KB | Send time: 0.000 sec
Sent: 5720.0 KB | Send time: 0.000 sec
Sent: 5724.0 KB | Send time: 0.000 sec
Sent: 5728.0 KB | Send time: 0.000 sec
Sent: 5732.0 KB | Send time: 0.000 sec
Sent: 5736.0 KB | Send time: 0.000 sec
Sent: 5740.0 KB | Send time: 0.000 sec
Sent: 5744.0 KB | Send time: 0.000 sec
Sent: 5748.0 KB | Send time: 0.000 sec
Sent: 5752.0 KB | Send time: 0.000 sec
Sent: 5756.0 KB | Send time: 0.000 sec
Sent: 5760.0 KB | Send time: 0.000 sec
Sent: 5764.0 KB | Send time: 0.000 sec
Sent: 5768.0 KB | Send time: 0.000 sec
Sent: 5772.0 KB | Send time: 0.000 sec
Sent: 5776.0 KB | Send time: 0.000 sec
Sent: 5780.0 KB | Send time: 0.000 sec
Sent: 5784.0 KB | Send time: 0.000 sec
Sent: 5788.0 KB | Send time: 0.000 sec
Sent: 5792.0 KB | Send time: 0.000 sec
Sent: 5796.0 KB | Send time: 0.000 sec
Sent: 5800.0 KB | Send time: 0.000 sec
Sent: 5804.0 KB | Send time: 0.000 sec
Sent: 5808.0 KB | Send time: 0.000 sec
Sent: 5812.0 KB | Send time: 0.000 sec
Sent: 5816.0 KB | Send time: 0.000 sec
Sent: 5820.0 KB | Send time: 0.000 sec
Sent: 5824.0 KB | Send time: 0.000 sec
Sent: 5828.0 KB | Send time: 0.000 sec
Sent: 5832.0 KB | Send time: 0.000 sec
Sent: 5836.0 KB | Send time: 0.000 sec
Sent: 5840.0 KB | Send time: 0.000 sec
Sent: 5844.0 KB | Send time: 0.000 sec
Sent: 5848.0 KB | Send time: 0.000 sec
Sent: 5852.0 KB | Send time: 0.000 sec
Sent: 5856.0 KB | Send time: 0.000 sec
Sent: 5860.0 KB | Send time: 0.000 sec
Sent: 5864.0 KB | Send time: 0.000 sec
Sent: 5868.0 KB | Send time: 0.000 sec
Sent: 5872.0 KB | Send time: 0.000 sec
Sent: 5876.0 KB | Send time: 0.000 sec
Sent: 5880.0 KB | Send time: 0.000 sec
Sent: 5884.0 KB | Send time: 0.000 sec
Sent: 5888.0 KB | Send time: 0.000 sec
Sent: 5892.0 KB | Send time: 0.000 sec
Sent: 5896.0 KB | Send time: 0.000 sec
Sent: 5900.0 KB | Send time: 0.000 sec
Sent: 5904.0 KB | Send time: 0.000 sec
Sent: 5908.0 KB | Send time: 0.000 sec
Sent: 5912.0 KB | Send time: 0.000 sec
Sent: 5916.0 KB | Send time: 0.000 sec
Sent: 5920.0 KB | Send time: 0.000 sec
Sent: 5924.0 KB | Send time: 0.000 sec
Sent: 5928.0 KB | Send time: 0.000 sec
Sent: 5932.0 KB | Send time: 0.000 sec
Sent: 5936.0 KB | Send time: 0.000 sec
Sent: 5940.0 KB | Send time: 0.000 sec
Sent: 5944.0 KB | Send time: 0.000 sec
Sent: 5948.0 KB | Send time: 0.000 sec
Sent: 5952.0 KB | Send time: 0.000 sec
Sent: 5956.0 KB | Send time: 0.000 sec
Sent: 5960.0 KB | Send time: 0.000 sec
Sent: 5964.0 KB | Send time: 0.000 sec
Sent: 5968.0 KB | Send time: 0.000 sec
Sent: 5972.0 KB | Send time: 0.000 sec
Sent: 5976.0 KB | Send time: 0.000 sec
Sent: 5980.0 KB | Send time: 0.000 sec
Sent: 5984.0 KB | Send time: 0.000 sec
Sent: 5988.0 KB | Send time: 0.000 sec
Sent: 5992.0 KB | Send time: 0.000 sec
Sent: 5996.0 KB | Send time: 0.000 sec
Sent: 6000.0 KB | Send time: 0.000 sec
Sent: 6004.0 KB | Send time: 0.000 sec
Sent: 6008.0 KB | Send time: 0.000 sec
Sent: 6012.0 KB | Send time: 0.000 sec
Sent: 6016.0 KB | Send time: 0.000 sec
Sent: 6020.0 KB | Send time: 0.000 sec
Sent: 6024.0 KB | Send time: 0.000 sec
Sent: 6028.0 KB | Send time: 0.000 sec
Sent: 6032.0 KB | Send time: 0.000 sec
Sent: 6036.0 KB | Send time: 0.000 sec
Sent: 6040.0 KB | Send time: 0.000 sec
Sent: 6044.0 KB | Send time: 0.000 sec
Sent: 6048.0 KB | Send time: 0.000 sec
Sent: 6052.0 KB | Send time: 0.000 sec
Sent: 6056.0 KB | Send time: 0.000 sec
Sent: 6060.0 KB | Send time: 0.000 sec
Sent: 6064.0 KB | Send time: 0.000 sec
Sent: 6068.0 KB | Send time: 0.000 sec
Sent: 6072.0 KB | Send time: 0.000 sec
Sent: 6076.0 KB | Send time: 0.000 sec
Sent: 6080.0 KB | Send time: 0.000 sec
Sent: 6084.0 KB | Send time: 0.000 sec
Sent: 6088.0 KB | Send time: 0.000 sec
Sent: 6092.0 KB | Send time: 0.000 sec
Sent: 6096.0 KB | Send time: 0.000 sec
Sent: 6100.0 KB | Send time: 0.000 sec
Sent: 6104.0 KB | Send time: 0.000 sec
Sent: 6108.0 KB | Send time: 0.000 sec
Sent: 6112.0 KB | Send time: 0.000 sec
Sent: 6116.0 KB | Send time: 0.000 sec
Sent: 6120.0 KB | Send time: 0.000 sec
Sent: 6124.0 KB | Send time: 0.000 sec
Sent: 6128.0 KB | Send time: 0.000 sec
Sent: 6132.0 KB | Send time: 0.000 sec
Sent: 6136.0 KB | Send time: 0.000 sec
Sent: 6140.0 KB | Send time: 0.000 sec
Sent: 6144.0 KB | Send time: 0.000 sec
Sent: 6148.0 KB | Send time: 0.000 sec
Sent: 6152.0 KB | Send time: 0.000 sec
Sent: 6156.0 KB | Send time: 0.000 sec
Sent: 6160.0 KB | Send time: 0.000 sec
Sent: 6164.0 KB | Send time: 0.000 sec
Sent: 6168.0 KB | Send time: 0.000 sec
Sent: 6172.0 KB | Send time: 0.000 sec
Sent: 6176.0 KB | Send time: 0.000 sec
Sent: 6180.0 KB | Send time: 0.000 sec
Sent: 6184.0 KB | Send time: 0.000 sec
Sent: 6188.0 KB | Send time: 0.000 sec
Sent: 6192.0 KB | Send time: 0.000 sec
Sent: 6196.0 KB | Send time: 0.000 sec
Sent: 6200.0 KB | Send time: 0.000 sec
Sent: 6204.0 KB | Send time: 0.000 sec
Sent: 6208.0 KB | Send time: 0.000 sec
Sent: 6212.0 KB | Send time: 0.000 sec
Sent: 6216.0 KB | Send time: 0.000 sec
Sent: 6220.0 KB | Send time: 0.000 sec
Sent: 6224.0 KB | Send time: 0.000 sec
Sent: 6228.0 KB | Send time: 0.000 sec
Sent: 6232.0 KB | Send time: 0.000 sec
Sent: 6236.0 KB | Send time: 0.000 sec
Sent: 6240.0 KB | Send time: 0.000 sec
Sent: 6244.0 KB | Send time: 0.000 sec
Sent: 6248.0 KB | Send time: 0.000 sec
Sent: 6252.0 KB | Send time: 0.000 sec
Sent: 6256.0 KB | Send time: 0.000 sec
Sent: 6260.0 KB | Send time: 0.000 sec
Sent: 6264.0 KB | Send time: 0.000 sec
Sent: 6268.0 KB | Send time: 0.000 sec
Sent: 6272.0 KB | Send time: 0.000 sec
Sent: 6276.0 KB | Send time: 0.000 sec
Sent: 6280.0 KB | Send time: 0.000 sec
Sent: 6284.0 KB | Send time: 0.000 sec
Sent: 6288.0 KB | Send time: 0.000 sec
Sent: 6292.0 KB | Send time: 0.000 sec
Sent: 6296.0 KB | Send time: 0.000 sec
Sent: 6300.0 KB | Send time: 0.000 sec
Sent: 6304.0 KB | Send time: 0.000 sec
Sent: 6308.0 KB | Send time: 0.000 sec
Sent: 6312.0 KB | Send time: 0.000 sec
Sent: 6316.0 KB | Send time: 0.000 sec
Sent: 6320.0 KB | Send time: 0.000 sec
Sent: 6324.0 KB | Send time: 0.000 sec
Sent: 6328.0 KB | Send time: 0.000 sec
Sent: 6332.0 KB | Send time: 0.000 sec
Sent: 6336.0 KB | Send time: 0.000 sec
Sent: 6340.0 KB | Send time: 0.000 sec
Sent: 6344.0 KB | Send time: 0.000 sec
Sent: 6348.0 KB | Send time: 0.000 sec
Sent: 6352.0 KB | Send time: 0.000 sec
Sent: 6356.0 KB | Send time: 0.000 sec
Sent: 6360.0 KB | Send time: 0.000 sec
Sent: 6364.0 KB | Send time: 0.000 sec
Sent: 6368.0 KB | Send time: 0.000 sec
Sent: 6372.0 KB | Send time: 0.000 sec
Sent: 6376.0 KB | Send time: 0.000 sec
Sent: 6380.0 KB | Send time: 0.000 sec
Sent: 6384.0 KB | Send time: 0.000 sec
Sent: 6388.0 KB | Send time: 0.000 sec
Sent: 6392.0 KB | Send time: 0.000 sec
Sent: 6396.0 KB | Send time: 0.000 sec
Sent: 6400.0 KB | Send time: 0.000 sec
Sent: 6404.0 KB | Send time: 0.001 sec
Sent: 6408.0 KB | Send time: 0.000 sec
Sent: 6412.0 KB | Send time: 0.000 sec
Sent: 6416.0 KB | Send time: 0.000 sec
Sent: 6420.0 KB | Send time: 0.000 sec
Sent: 6424.0 KB | Send time: 0.000 sec
Sent: 6428.0 KB | Send time: 0.000 sec
Sent: 6432.0 KB | Send time: 0.000 sec
Sent: 6436.0 KB | Send time: 0.000 sec
Sent: 6440.0 KB | Send time: 0.000 sec
Sent: 6444.0 KB | Send time: 0.000 sec
Sent: 6448.0 KB | Send time: 0.000 sec
Sent: 6452.0 KB | Send time: 0.000 sec
Sent: 6456.0 KB | Send time: 0.000 sec
Sent: 6460.0 KB | Send time: 0.000 sec
Sent: 6464.0 KB | Send time: 0.000 sec
Sent: 6468.0 KB | Send time: 0.000 sec
Sent: 6472.0 KB | Send time: 0.000 sec
Sent: 6476.0 KB | Send time: 0.000 sec
Sent: 6480.0 KB | Send time: 0.000 sec
Sent: 6484.0 KB | Send time: 0.000 sec
Sent: 6488.0 KB | Send time: 0.000 sec
Sent: 6492.0 KB | Send time: 0.000 sec
Sent: 6496.0 KB | Send time: 0.000 sec
Sent: 6500.0 KB | Send time: 0.000 sec
Sent: 6504.0 KB | Send time: 0.000 sec
Sent: 6508.0 KB | Send time: 0.000 sec
Sent: 6512.0 KB | Send time: 0.000 sec
Sent: 6516.0 KB | Send time: 0.000 sec
Sent: 6520.0 KB | Send time: 0.000 sec
Sent: 6524.0 KB | Send time: 0.000 sec
Sent: 6528.0 KB | Send time: 0.000 sec
Sent: 6532.0 KB | Send time: 0.000 sec
Sent: 6536.0 KB | Send time: 0.000 sec
Sent: 6540.0 KB | Send time: 0.000 sec
Sent: 6544.0 KB | Send time: 0.000 sec
Sent: 6548.0 KB | Send time: 0.000 sec
Sent: 6552.0 KB | Send time: 0.000 sec
Sent: 6556.0 KB | Send time: 0.000 sec
Sent: 6560.0 KB | Send time: 0.000 sec
Sent: 6564.0 KB | Send time: 0.000 sec
Sent: 6568.0 KB | Send time: 0.000 sec
Sent: 6572.0 KB | Send time: 0.000 sec
Sent: 6576.0 KB | Send time: 0.000 sec
Sent: 6580.0 KB | Send time: 0.000 sec
Sent: 6584.0 KB | Send time: 0.000 sec
Sent: 6588.0 KB | Send time: 0.000 sec
Sent: 6592.0 KB | Send time: 0.000 sec
Sent: 6596.0 KB | Send time: 0.000 sec
Sent: 6600.0 KB | Send time: 0.000 sec
Sent: 6604.0 KB | Send time: 0.000 sec
Sent: 6608.0 KB | Send time: 0.000 sec
Sent: 6612.0 KB | Send time: 0.000 sec
Sent: 6616.0 KB | Send time: 0.000 sec
Sent: 6620.0 KB | Send time: 0.000 sec
Sent: 6624.0 KB | Send time: 0.000 sec
Sent: 6628.0 KB | Send time: 0.000 sec
Sent: 6632.0 KB | Send time: 0.000 sec
Sent: 6636.0 KB | Send time: 0.000 sec
Sent: 6640.0 KB | Send time: 0.000 sec
Sent: 6644.0 KB | Send time: 0.000 sec
Sent: 6648.0 KB | Send time: 0.000 sec
Sent: 6652.0 KB | Send time: 0.000 sec
Sent: 6656.0 KB | Send time: 0.000 sec
Sent: 6660.0 KB | Send time: 0.000 sec
Sent: 6664.0 KB | Send time: 0.000 sec
Sent: 6668.0 KB | Send time: 0.000 sec
Sent: 6672.0 KB | Send time: 0.000 sec
Sent: 6676.0 KB | Send time: 0.000 sec
Sent: 6680.0 KB | Send time: 0.000 sec
Sent: 6684.0 KB | Send time: 0.000 sec
Sent: 6688.0 KB | Send time: 0.000 sec
Sent: 6692.0 KB | Send time: 0.000 sec
Sent: 6696.0 KB | Send time: 0.000 sec
Sent: 6700.0 KB | Send time: 0.000 sec
Sent: 6704.0 KB | Send time: 0.000 sec
Sent: 6708.0 KB | Send time: 0.000 sec
Sent: 6712.0 KB | Send time: 0.000 sec
Sent: 6716.0 KB | Send time: 0.000 sec
Sent: 6720.0 KB | Send time: 0.000 sec
Sent: 6724.0 KB | Send time: 0.000 sec
Sent: 6728.0 KB | Send time: 0.000 sec
Sent: 6732.0 KB | Send time: 0.000 sec
Sent: 6736.0 KB | Send time: 0.000 sec
Sent: 6740.0 KB | Send time: 0.000 sec
Sent: 6744.0 KB | Send time: 0.000 sec
Sent: 6748.0 KB | Send time: 0.000 sec
Sent: 6752.0 KB | Send time: 0.000 sec
Sent: 6756.0 KB | Send time: 0.000 sec
Sent: 6760.0 KB | Send time: 0.000 sec
Sent: 6764.0 KB | Send time: 0.000 sec
Sent: 6768.0 KB | Send time: 0.000 sec
Sent: 6772.0 KB | Send time: 0.000 sec
Sent: 6776.0 KB | Send time: 0.000 sec
Sent: 6780.0 KB | Send time: 0.000 sec
Sent: 6784.0 KB | Send time: 0.000 sec
Sent: 6788.0 KB | Send time: 0.000 sec
Sent: 6792.0 KB | Send time: 0.000 sec
Sent: 6796.0 KB | Send time: 0.000 sec
Sent: 6800.0 KB | Send time: 0.000 sec
Sent: 6804.0 KB | Send time: 0.000 sec
Sent: 6808.0 KB | Send time: 0.000 sec
Sent: 6812.0 KB | Send time: 0.000 sec
Sent: 6816.0 KB | Send time: 0.000 sec
Sent: 6820.0 KB | Send time: 0.000 sec
Sent: 6824.0 KB | Send time: 0.000 sec
Sent: 6828.0 KB | Send time: 0.000 sec
Sent: 6832.0 KB | Send time: 0.000 sec
Sent: 6836.0 KB | Send time: 0.000 sec
Sent: 6840.0 KB | Send time: 0.000 sec
Sent: 6844.0 KB | Send time: 0.000 sec
Sent: 6848.0 KB | Send time: 0.000 sec
Sent: 6852.0 KB | Send time: 0.000 sec
Sent: 6856.0 KB | Send time: 0.000 sec
Sent: 6860.0 KB | Send time: 0.000 sec
Sent: 6864.0 KB | Send time: 0.000 sec
Sent: 6868.0 KB | Send time: 0.000 sec
Sent: 6872.0 KB | Send time: 0.000 sec
Sent: 6876.0 KB | Send time: 0.000 sec
Sent: 6880.0 KB | Send time: 0.000 sec
Sent: 6884.0 KB | Send time: 0.000 sec
Sent: 6888.0 KB | Send time: 0.000 sec
Sent: 6892.0 KB | Send time: 0.000 sec
Sent: 6896.0 KB | Send time: 0.000 sec
Sent: 6900.0 KB | Send time: 0.000 sec
Sent: 6904.0 KB | Send time: 0.000 sec
Sent: 6908.0 KB | Send time: 0.000 sec
Sent: 6912.0 KB | Send time: 0.000 sec
Sent: 6916.0 KB | Send time: 0.000 sec
Sent: 6920.0 KB | Send time: 0.000 sec
Sent: 6924.0 KB | Send time: 0.000 sec
Sent: 6928.0 KB | Send time: 0.000 sec
Sent: 6932.0 KB | Send time: 0.000 sec
Sent: 6936.0 KB | Send time: 0.000 sec
Sent: 6940.0 KB | Send time: 0.000 sec
Sent: 6944.0 KB | Send time: 0.000 sec
Sent: 6948.0 KB | Send time: 0.000 sec
Sent: 6952.0 KB | Send time: 0.000 sec
Sent: 6956.0 KB | Send time: 0.000 sec
Sent: 6960.0 KB | Send time: 0.000 sec
Sent: 6964.0 KB | Send time: 0.000 sec
Sent: 6968.0 KB | Send time: 0.000 sec
Sent: 6972.0 KB | Send time: 0.000 sec
Sent: 6976.0 KB | Send time: 0.000 sec
Sent: 6980.0 KB | Send time: 0.000 sec
Sent: 6984.0 KB | Send time: 0.000 sec
Sent: 6988.0 KB | Send time: 0.000 sec
Sent: 6992.0 KB | Send time: 0.000 sec
Sent: 6996.0 KB | Send time: 0.000 sec
Sent: 7000.0 KB | Send time: 0.000 sec
Sent: 7004.0 KB | Send time: 0.000 sec
Sent: 7008.0 KB | Send time: 0.000 sec
Sent: 7012.0 KB | Send time: 0.000 sec
Sent: 7016.0 KB | Send time: 0.000 sec
Sent: 7020.0 KB | Send time: 0.000 sec
Sent: 7024.0 KB | Send time: 0.000 sec
Sent: 7028.0 KB | Send time: 0.000 sec
Sent: 7032.0 KB | Send time: 0.000 sec
Sent: 7036.0 KB | Send time: 0.000 sec
Sent: 7040.0 KB | Send time: 0.000 sec
Sent: 7044.0 KB | Send time: 0.000 sec
Sent: 7048.0 KB | Send time: 0.000 sec
Sent: 7052.0 KB | Send time: 0.000 sec
Sent: 7056.0 KB | Send time: 0.000 sec
Sent: 7060.0 KB | Send time: 0.000 sec
Sent: 7064.0 KB | Send time: 0.000 sec
Sent: 7068.0 KB | Send time: 0.000 sec
Sent: 7072.0 KB | Send time: 0.000 sec
Sent: 7076.0 KB | Send time: 0.000 sec
Sent: 7080.0 KB | Send time: 0.000 sec
Sent: 7084.0 KB | Send time: 0.000 sec
Sent: 7088.0 KB | Send time: 0.000 sec
Sent: 7092.0 KB | Send time: 0.000 sec
Sent: 7096.0 KB | Send time: 0.000 sec
Sent: 7100.0 KB | Send time: 0.000 sec
Sent: 7104.0 KB | Send time: 0.000 sec
Sent: 7108.0 KB | Send time: 0.000 sec
Sent: 7112.0 KB | Send time: 0.000 sec
Sent: 7116.0 KB | Send time: 0.000 sec
Sent: 7120.0 KB | Send time: 0.000 sec
Sent: 7124.0 KB | Send time: 0.000 sec
Sent: 7128.0 KB | Send time: 0.000 sec
Sent: 7132.0 KB | Send time: 0.000 sec
Sent: 7136.0 KB | Send time: 0.000 sec
Sent: 7140.0 KB | Send time: 0.000 sec
Sent: 7144.0 KB | Send time: 0.000 sec
Sent: 7148.0 KB | Send time: 0.000 sec
Sent: 7152.0 KB | Send time: 0.000 sec
Sent: 7156.0 KB | Send time: 0.000 sec
Sent: 7160.0 KB | Send time: 0.000 sec
Sent: 7164.0 KB | Send time: 0.000 sec
Sent: 7168.0 KB | Send time: 0.000 sec
Sent: 7172.0 KB | Send time: 0.000 sec
Sent: 7176.0 KB | Send time: 0.000 sec
Sent: 7180.0 KB | Send time: 0.000 sec
Sent: 7184.0 KB | Send time: 0.000 sec
Sent: 7188.0 KB | Send time: 0.000 sec
Sent: 7192.0 KB | Send time: 0.000 sec
Sent: 7196.0 KB | Send time: 0.000 sec
Sent: 7200.0 KB | Send time: 0.000 sec
Sent: 7204.0 KB | Send time: 0.001 sec
Sent: 7208.0 KB | Send time: 0.000 sec
Sent: 7212.0 KB | Send time: 0.000 sec
Sent: 7216.0 KB | Send time: 0.000 sec
Sent: 7220.0 KB | Send time: 0.000 sec
Sent: 7224.0 KB | Send time: 0.000 sec
Sent: 7228.0 KB | Send time: 0.000 sec
Sent: 7232.0 KB | Send time: 0.000 sec
Sent: 7236.0 KB | Send time: 0.000 sec
Sent: 7240.0 KB | Send time: 0.000 sec
Sent: 7244.0 KB | Send time: 0.000 sec
Sent: 7248.0 KB | Send time: 0.000 sec
Sent: 7252.0 KB | Send time: 0.000 sec
Sent: 7256.0 KB | Send time: 0.000 sec
Sent: 7260.0 KB | Send time: 0.000 sec
Sent: 7264.0 KB | Send time: 0.000 sec
Sent: 7268.0 KB | Send time: 0.000 sec
Sent: 7272.0 KB | Send time: 0.000 sec
Sent: 7276.0 KB | Send time: 0.000 sec
Sent: 7280.0 KB | Send time: 0.000 sec
Sent: 7284.0 KB | Send time: 0.000 sec
Sent: 7288.0 KB | Send time: 0.000 sec
Sent: 7292.0 KB | Send time: 0.000 sec
Sent: 7296.0 KB | Send time: 0.000 sec
Sent: 7300.0 KB | Send time: 0.000 sec
Sent: 7304.0 KB | Send time: 0.000 sec
Sent: 7308.0 KB | Send time: 0.000 sec
Sent: 7312.0 KB | Send time: 0.000 sec
Sent: 7316.0 KB | Send time: 0.000 sec
Sent: 7320.0 KB | Send time: 0.000 sec
Sent: 7324.0 KB | Send time: 0.000 sec
Sent: 7328.0 KB | Send time: 0.000 sec
Sent: 7332.0 KB | Send time: 0.000 sec
Sent: 7336.0 KB | Send time: 0.000 sec
Sent: 7340.0 KB | Send time: 0.000 sec
Sent: 7344.0 KB | Send time: 0.000 sec
Sent: 7348.0 KB | Send time: 0.000 sec
Sent: 7352.0 KB | Send time: 0.000 sec
Sent: 7356.0 KB | Send time: 0.000 sec
Sent: 7360.0 KB | Send time: 0.000 sec
Sent: 7364.0 KB | Send time: 0.000 sec
Sent: 7368.0 KB | Send time: 0.000 sec
Sent: 7372.0 KB | Send time: 0.000 sec
Sent: 7376.0 KB | Send time: 0.000 sec
Sent: 7380.0 KB | Send time: 0.000 sec
Sent: 7384.0 KB | Send time: 0.000 sec
Sent: 7388.0 KB | Send time: 0.000 sec
Sent: 7392.0 KB | Send time: 0.000 sec
Sent: 7396.0 KB | Send time: 0.000 sec
Sent: 7400.0 KB | Send time: 0.000 sec
Sent: 7404.0 KB | Send time: 0.000 sec
Sent: 7408.0 KB | Send time: 0.000 sec
Sent: 7412.0 KB | Send time: 0.000 sec
Sent: 7416.0 KB | Send time: 0.000 sec
Sent: 7420.0 KB | Send time: 0.000 sec
Sent: 7424.0 KB | Send time: 0.000 sec
Sent: 7428.0 KB | Send time: 0.000 sec
Sent: 7432.0 KB | Send time: 0.000 sec
Sent: 7436.0 KB | Send time: 0.000 sec
Sent: 7440.0 KB | Send time: 0.000 sec
Sent: 7444.0 KB | Send time: 0.000 sec
Sent: 7448.0 KB | Send time: 0.000 sec
Sent: 7452.0 KB | Send time: 0.000 sec
Sent: 7456.0 KB | Send time: 0.000 sec
Sent: 7460.0 KB | Send time: 0.000 sec
Sent: 7464.0 KB | Send time: 0.000 sec
Sent: 7468.0 KB | Send time: 0.000 sec
Sent: 7472.0 KB | Send time: 0.000 sec
Sent: 7476.0 KB | Send time: 0.000 sec
Sent: 7480.0 KB | Send time: 0.000 sec
Sent: 7484.0 KB | Send time: 0.000 sec
Sent: 7488.0 KB | Send time: 0.000 sec
Sent: 7492.0 KB | Send time: 0.000 sec
Sent: 7496.0 KB | Send time: 0.000 sec
Sent: 7500.0 KB | Send time: 0.000 sec
Sent: 7504.0 KB | Send time: 0.000 sec
Sent: 7508.0 KB | Send time: 0.000 sec
Sent: 7512.0 KB | Send time: 0.000 sec
Sent: 7516.0 KB | Send time: 0.000 sec
Sent: 7520.0 KB | Send time: 0.000 sec
Sent: 7524.0 KB | Send time: 0.000 sec
Sent: 7528.0 KB | Send time: 0.000 sec
Sent: 7532.0 KB | Send time: 0.000 sec
Sent: 7536.0 KB | Send time: 0.000 sec
Sent: 7540.0 KB | Send time: 0.000 sec
Sent: 7544.0 KB | Send time: 0.000 sec
Sent: 7548.0 KB | Send time: 0.000 sec
Sent: 7552.0 KB | Send time: 0.000 sec
Sent: 7556.0 KB | Send time: 0.000 sec
Sent: 7560.0 KB | Send time: 0.000 sec
Sent: 7564.0 KB | Send time: 0.000 sec
Sent: 7568.0 KB | Send time: 0.000 sec
Sent: 7572.0 KB | Send time: 0.000 sec
Sent: 7576.0 KB | Send time: 0.000 sec
Sent: 7580.0 KB | Send time: 0.000 sec
Sent: 7584.0 KB | Send time: 0.000 sec
Sent: 7588.0 KB | Send time: 0.000 sec
Sent: 7592.0 KB | Send time: 0.000 sec
Sent: 7596.0 KB | Send time: 0.000 sec
Sent: 7600.0 KB | Send time: 0.000 sec
Sent: 7604.0 KB | Send time: 0.000 sec
Sent: 7608.0 KB | Send time: 0.000 sec
Sent: 7612.0 KB | Send time: 0.000 sec
Sent: 7616.0 KB | Send time: 0.000 sec
Sent: 7620.0 KB | Send time: 0.000 sec
Sent: 7624.0 KB | Send time: 0.000 sec
Sent: 7628.0 KB | Send time: 0.000 sec

Receiver closed the connection.

========== SENDER SUMMARY ==========
Total data sent : 7628.0 KB
Test duration   : 30.02 sec
Send blocks     : 4
====================================
